Archive member included to satisfy reference by file (symbol)

C:/Users/Marcel/.pico-sdk/toolchain/13_3_Rel1/bin/../lib/gcc/arm-none-eabi/13.3.1/thumb/v8-m.main+fp/softfp\libm.a(libm_a-wf_sqrt.o)
                              CMakeFiles/tarefa1.dir/C_/Users/Marcel/.pico-sdk/sdk/2.1.0/src/rp2_common/pico_float/float_math.c.obj (sqrtf)
C:/Users/Marcel/.pico-sdk/toolchain/13_3_Rel1/bin/../lib/gcc/arm-none-eabi/13.3.1/thumb/v8-m.main+fp/softfp\libm.a(libm_a-ef_sqrt.o)
                              C:/Users/Marcel/.pico-sdk/toolchain/13_3_Rel1/bin/../lib/gcc/arm-none-eabi/13.3.1/thumb/v8-m.main+fp/softfp\libm.a(libm_a-wf_sqrt.o) (__ieee754_sqrtf)
C:/Users/Marcel/.pico-sdk/toolchain/13_3_Rel1/bin/../lib/gcc/arm-none-eabi/13.3.1/thumb/v8-m.main+fp/softfp\libgcc.a(_arm_addsubdf3.o)
                              CMakeFiles/tarefa1.dir/C_/Users/Marcel/.pico-sdk/sdk/2.1.0/src/rp2_common/pico_float/float_math.c.obj (__aeabi_f2d)
C:/Users/Marcel/.pico-sdk/toolchain/13_3_Rel1/bin/../lib/gcc/arm-none-eabi/13.3.1/thumb/v8-m.main+fp/softfp\libgcc.a(_aeabi_ldivmod.o)
                              CMakeFiles/tarefa1.dir/C_/Users/Marcel/.pico-sdk/sdk/2.1.0/src/common/pico_time/time.c.obj (__aeabi_ldivmod)
C:/Users/Marcel/.pico-sdk/toolchain/13_3_Rel1/bin/../lib/gcc/arm-none-eabi/13.3.1/thumb/v8-m.main+fp/softfp\libgcc.a(_aeabi_uldivmod.o)
                              CMakeFiles/tarefa1.dir/C_/Users/Marcel/.pico-sdk/sdk/2.1.0/src/rp2_common/hardware_clocks/clocks.c.obj (__aeabi_uldivmod)
C:/Users/Marcel/.pico-sdk/toolchain/13_3_Rel1/bin/../lib/gcc/arm-none-eabi/13.3.1/thumb/v8-m.main+fp/softfp\libgcc.a(_udivmoddi4.o)
                              C:/Users/Marcel/.pico-sdk/toolchain/13_3_Rel1/bin/../lib/gcc/arm-none-eabi/13.3.1/thumb/v8-m.main+fp/softfp\libgcc.a(_aeabi_ldivmod.o) (__udivmoddi4)
C:/Users/Marcel/.pico-sdk/toolchain/13_3_Rel1/bin/../lib/gcc/arm-none-eabi/13.3.1/thumb/v8-m.main+fp/softfp\libgcc.a(_dvmd_tls.o)
                              C:/Users/Marcel/.pico-sdk/toolchain/13_3_Rel1/bin/../lib/gcc/arm-none-eabi/13.3.1/thumb/v8-m.main+fp/softfp\libgcc.a(_aeabi_ldivmod.o) (__aeabi_ldiv0)
C:/Users/Marcel/.pico-sdk/toolchain/13_3_Rel1/bin/../lib/gcc/arm-none-eabi/13.3.1/thumb/v8-m.main+fp/softfp\libg.a(libc_a-calloc.o)
                              CMakeFiles/tarefa1.dir/C_/Users/Marcel/.pico-sdk/sdk/2.1.0/src/rp2_common/pico_malloc/malloc.c.obj (calloc)
C:/Users/Marcel/.pico-sdk/toolchain/13_3_Rel1/bin/../lib/gcc/arm-none-eabi/13.3.1/thumb/v8-m.main+fp/softfp\libg.a(libc_a-callocr.o)
                              C:/Users/Marcel/.pico-sdk/toolchain/13_3_Rel1/bin/../lib/gcc/arm-none-eabi/13.3.1/thumb/v8-m.main+fp/softfp\libg.a(libc_a-calloc.o) (_calloc_r)
C:/Users/Marcel/.pico-sdk/toolchain/13_3_Rel1/bin/../lib/gcc/arm-none-eabi/13.3.1/thumb/v8-m.main+fp/softfp\libg.a(libc_a-malloc.o)
                              CMakeFiles/tarefa1.dir/C_/Users/Marcel/.pico-sdk/sdk/2.1.0/src/rp2_common/pico_malloc/malloc.c.obj (malloc)
C:/Users/Marcel/.pico-sdk/toolchain/13_3_Rel1/bin/../lib/gcc/arm-none-eabi/13.3.1/thumb/v8-m.main+fp/softfp\libg.a(libc_a-mallocr.o)
                              C:/Users/Marcel/.pico-sdk/toolchain/13_3_Rel1/bin/../lib/gcc/arm-none-eabi/13.3.1/thumb/v8-m.main+fp/softfp\libg.a(libc_a-callocr.o) (_malloc_r)
C:/Users/Marcel/.pico-sdk/toolchain/13_3_Rel1/bin/../lib/gcc/arm-none-eabi/13.3.1/thumb/v8-m.main+fp/softfp\libg.a(libc_a-mlock.o)
                              C:/Users/Marcel/.pico-sdk/toolchain/13_3_Rel1/bin/../lib/gcc/arm-none-eabi/13.3.1/thumb/v8-m.main+fp/softfp\libg.a(libc_a-mallocr.o) (__malloc_lock)
C:/Users/Marcel/.pico-sdk/toolchain/13_3_Rel1/bin/../lib/gcc/arm-none-eabi/13.3.1/thumb/v8-m.main+fp/softfp\libg.a(libc_a-realloc.o)
                              CMakeFiles/tarefa1.dir/C_/Users/Marcel/.pico-sdk/sdk/2.1.0/src/rp2_common/pico_malloc/malloc.c.obj (realloc)
C:/Users/Marcel/.pico-sdk/toolchain/13_3_Rel1/bin/../lib/gcc/arm-none-eabi/13.3.1/thumb/v8-m.main+fp/softfp\libg.a(libc_a-reallocr.o)
                              C:/Users/Marcel/.pico-sdk/toolchain/13_3_Rel1/bin/../lib/gcc/arm-none-eabi/13.3.1/thumb/v8-m.main+fp/softfp\libg.a(libc_a-realloc.o) (_realloc_r)
C:/Users/Marcel/.pico-sdk/toolchain/13_3_Rel1/bin/../lib/gcc/arm-none-eabi/13.3.1/thumb/v8-m.main+fp/softfp\libg.a(libc_a-memcmp.o)
                              CMakeFiles/tarefa1.dir/C_/Users/Marcel/.pico-sdk/sdk/2.1.0/src/rp2_common/pico_atomic/atomic.c.obj (memcmp)
C:/Users/Marcel/.pico-sdk/toolchain/13_3_Rel1/bin/../lib/gcc/arm-none-eabi/13.3.1/thumb/v8-m.main+fp/softfp\libg.a(libc_a-memmove.o)
                              CMakeFiles/tarefa1.dir/C_/Users/Marcel/.pico-sdk/sdk/2.1.0/lib/cyw43-driver/src/cyw43_ll.c.obj (memmove)
C:/Users/Marcel/.pico-sdk/toolchain/13_3_Rel1/bin/../lib/gcc/arm-none-eabi/13.3.1/thumb/v8-m.main+fp/softfp\libg.a(libc_a-memset.o)
                              C:/Users/Marcel/.pico-sdk/toolchain/13_3_Rel1/bin/../lib/gcc/arm-none-eabi/13.3.1/thumb/v8-m.main+fp/softfp/crt0.o (memset)
[...]
Memory Configuration

Name             Origin             Length             Attributes
FLASH            0x10000000         0x00400000         xr
RAM              0x20000000         0x00080000         xrw
SCRATCH_X        0x20080000         0x00001000         xrw
SCRATCH_Y        0x20081000         0x00001000         xrw
*default*        0x00000000         0xffffffff

Linker script and memory map

LOAD C:/Users/Marcel/.pico-sdk/toolchain/13_3_Rel1/bin/../lib/gcc/arm-none-eabi/13.3.1/thumb/v8-m.main+fp/softfp/crti.o
LOAD C:/Users/Marcel/.pico-sdk/toolchain/13_3_Rel1/bin/../lib/gcc/arm-none-eabi/13.3.1/thumb/v8-m.main+fp/softfp/crtbegin.o
LOAD C:/Users/Marcel/.pico-sdk/toolchain/13_3_Rel1/bin/../lib/gcc/arm-none-eabi/13.3.1/thumb/v8-m.main+fp/softfp/crt0.o

.flash_begin    0x10000000        0x0
                0x10000000                        __flash_binary_start = .

.text           0x10000000     0x49f8
                0x10000000                        __logical_binary_start = .
 *(.vectors)
 .vectors       0x10000000      0x124 CMakeFiles/tarefa1.dir/C_/Users/Marcel/.pico-sdk/sdk/2.1.0/src/rp2_common/pico_crt0/crt0.S.obj
                0x10000000                __VECTOR_TABLE
                0x10000000                __vectors
                0x10000110                __default_isrs_start
                0x10000110                isr_invalid
                0x10000112                isr_nmi
                0x10000114                isr_hardfault
                0x10000116                isr_svcall
                0x10000118                isr_pendsv
                0x1000011a                isr_systick
                0x1000011c                isr_irq31
                0x1000011c                isr_irq5
                0x1000011c                isr_irq11
                0x1000011c                isr_irq32
                0x1000011c                isr_irq23
                0x1000011c                isr_irq48
                0x1000011c                isr_irq35
                0x1000011c                isr_irq18
                0x1000011c                isr_irq50
                0x1000011c                isr_irq27
                0x1000011c                isr_irq40
                0x1000011c                isr_irq28
                0x1000011c                isr_irq19
                0x1000011c                isr_irq36
                0x1000011c                isr_irq41
                0x1000011c                isr_irq0
                0x1000011c                isr_irq6
                0x1000011c                isr_irq45
                0x1000011c                isr_irq12
                0x1000011c                isr_irq37
                0x1000011c                isr_irq42
                0x1000011c                isr_irq22
                0x1000011c                isr_irq43
                0x1000011c                isr_irq17
                0x1000011c                isr_irq38
                0x1000011c                isr_irq14
                0x1000011c                isr_irq13
                0x1000011c                isr_irq2
                0x1000011c                isr_irq10
                0x1000011c                isr_irq8
                0x1000011c                isr_irq24
                0x1000011c                isr_irq46
                0x1000011c                isr_irq1
                0x1000011c                isr_irq47
                0x1000011c                isr_irq51
                0x1000011c                isr_irq7
                0x1000011c                isr_irq21
                0x1000011c                isr_irq39
                0x1000011c                isr_irq20
                0x1000011c                isr_irq15
                0x1000011c                isr_irq25
                0x1000011c                isr_irq34
                0x1000011c                isr_irq49
                0x1000011c                __unhandled_user_irq
                0x1000011c                isr_irq4
                0x1000011c                isr_irq16
                0x1000011c                isr_irq44
                0x1000011c                isr_irq29
                0x1000011c                isr_irq26
                0x1000011c                __default_isrs_end
                0x1000011c                isr_irq33
                0x1000011c                isr_irq3
                0x1000011c                isr_irq30
                0x1000011c                isr_irq9
                0x10000122                unhandled_user_irq_num_in_r0
 *(.binary_info_header)
 .binary_info_header
                0x10000124       0x14 CMakeFiles/tarefa1.dir/C_/Users/Marcel/.pico-sdk/sdk/2.1.0/src/rp2_common/pico_crt0/crt0.S.obj
                0x10000138                        __binary_info_header_end = .
 *(.embedded_block)
 .embedded_block
                0x10000138       0x14 CMakeFiles/tarefa1.dir/C_/Users/Marcel/.pico-sdk/sdk/2.1.0/src/rp2_common/pico_crt0/crt0.S.obj
                0x1000014c                        __embedded_block_end = .
 *(.reset)
 .reset         0x1000014c       0xa0 CMakeFiles/tarefa1.dir/C_/Users/Marcel/.pico-sdk/sdk/2.1.0/src/rp2_common/pico_crt0/crt0.S.obj
                0x1000014c                _entry_point
 *(.init)
 .init          0x100001ec        0x4 C:/Users/Marcel/.pico-sdk/toolchain/13_3_Rel1/bin/../lib/gcc/arm-none-eabi/13.3.1/thumb/v8-m.main+fp/softfp/crti.o
                0x100001ec                _init
 SORT_BY_NAME(REVERSE(*libgcc.a:cmse_nonsecure_call.o))()
 *(EXCLUDE_FILE(*libm.a: *libc.a:*lib_a-mem*.o *libgcc.a:) .text*)
 .text.register_tm_clones
                0x100001f0       0x28 C:/Users/Marcel/.pico-sdk/toolchain/13_3_Rel1/bin/../lib/gcc/arm-none-eabi/13.3.1/thumb/v8-m.main+fp/softfp/crtbegin.o
 .text.frame_dummy
                0x10000218       0x24 C:/Users/Marcel/.pico-sdk/toolchain/13_3_Rel1/bin/../lib/gcc/arm-none-eabi/13.3.1/thumb/v8-m.main+fp/softfp/crtbegin.o
 .text.init_gpio
                0x1000023c       0x80 CMakeFiles/tarefa1.dir/tarefa1.c.obj
                0x1000023c                init_gpio
 .text.handle_keypress
                0x100002bc       0xb0 CMakeFiles/tarefa1.dir/tarefa1.c.obj
                0x100002bc                handle_keypress
 .text.startup.main
                0x1000036c      0x140 CMakeFiles/tarefa1.dir/tarefa1.c.obj
                0x1000036c                main
 .text.gpio_set_function
                0x100004ac       0x3c CMakeFiles/tarefa1.dir/C_/Users/Marcel/.pico-sdk/sdk/2.1.0/src/rp2_common/hardware_gpio/gpio.c.obj
                0x100004ac                gpio_set_function
 .text.gpio_set_pulls
                0x100004e8       0x28 CMakeFiles/tarefa1.dir/C_/Users/Marcel/.pico-sdk/sdk/2.1.0/src/rp2_common/hardware_gpio/gpio.c.obj
                0x100004e8                gpio_set_pulls
 .text.gpio_init
                0x10000510       0x48 CMakeFiles/tarefa1.dir/C_/Users/Marcel/.pico-sdk/sdk/2.1.0/src/rp2_common/hardware_gpio/gpio.c.obj
                0x10000510                gpio_init
 .text.panic    0x10000558       0x30 CMakeFiles/tarefa1.dir/C_/Users/Marcel/.pico-sdk/sdk/2.1.0/src/rp2_common/pico_platform_panic/panic.c.obj
                0x10000558                panic
 .text.hw_claim_or_assert
                0x10000588       0x58 CMakeFiles/tarefa1.dir/C_/Users/Marcel/.pico-sdk/sdk/2.1.0/src/common/hardware_claim/claim.c.obj
                0x10000588                hw_claim_or_assert
 .text.hw_claim_unused_from_range
                0x100005e0       0x9c CMakeFiles/tarefa1.dir/C_/Users/Marcel/.pico-sdk/sdk/2.1.0/src/common/hardware_claim/claim.c.obj
                0x100005e0                hw_claim_unused_from_range
 .text.next_striped_spin_lock_num
                0x1000067c       0x18 CMakeFiles/tarefa1.dir/C_/Users/Marcel/.pico-sdk/sdk/2.1.0/src/rp2_common/hardware_sync/sync.c.obj
                0x1000067c                next_striped_spin_lock_num
 .text.spin_lock_claim_unused
                0x10000694       0x20 CMakeFiles/tarefa1.dir/C_/Users/Marcel/.pico-sdk/sdk/2.1.0/src/rp2_common/hardware_sync/sync.c.obj
                0x10000694                spin_lock_claim_unused
 .text.spinlock_set_extexclall
                0x100006b4       0x10 CMakeFiles/tarefa1.dir/C_/Users/Marcel/.pico-sdk/sdk/2.1.0/src/rp2_common/hardware_sync_spin_lock/sync_spin_lock.c.obj
 .text.spin_locks_reset
                0x100006c4       0x18 CMakeFiles/tarefa1.dir/C_/Users/Marcel/.pico-sdk/sdk/2.1.0/src/rp2_common/hardware_sync_spin_lock/sync_spin_lock.c.obj
                0x100006c4                spin_locks_reset
 .text.runtime_init_per_core_irq_priorities
                0x100006dc       0x40 CMakeFiles/tarefa1.dir/C_/Users/Marcel/.pico-sdk/sdk/2.1.0/src/rp2_common/hardware_irq/irq.c.obj
                0x100006dc                runtime_init_per_core_irq_priorities
 .text.irq_set_enabled
                0x1000071c       0x2c CMakeFiles/tarefa1.dir/C_/Users/Marcel/.pico-sdk/sdk/2.1.0/src/rp2_common/hardware_irq/irq.c.obj
                0x1000071c                irq_set_enabled
 .text.irq_is_enabled
                0x10000748       0x20 CMakeFiles/tarefa1.dir/C_/Users/Marcel/.pico-sdk/sdk/2.1.0/src/rp2_common/hardware_irq/irq.c.obj
                0x10000748                irq_is_enabled
 .text.irq_set_pending
                0x10000768       0x18 CMakeFiles/tarefa1.dir/C_/Users/Marcel/.pico-sdk/sdk/2.1.0/src/rp2_common/hardware_irq/irq.c.obj
                0x10000768                irq_set_pending
 .text.irq_has_shared_handler
                0x10000780       0x24 CMakeFiles/tarefa1.dir/C_/Users/Marcel/.pico-sdk/sdk/2.1.0/src/rp2_common/hardware_irq/irq.c.obj
                0x10000780                irq_has_shared_handler
 .text.irq_set_exclusive_handler
                0x100007a4       0x60 CMakeFiles/tarefa1.dir/C_/Users/Marcel/.pico-sdk/sdk/2.1.0/src/rp2_common/hardware_irq/irq.c.obj
                0x100007a4                irq_set_exclusive_handler
 .text.irq_add_shared_handler
                0x10000804      0x1e8 CMakeFiles/tarefa1.dir/C_/Users/Marcel/.pico-sdk/sdk/2.1.0/src/rp2_common/hardware_irq/irq.c.obj
                0x10000804                irq_add_shared_handler
 .text.irq_remove_handler
                0x100009ec      0x1fc CMakeFiles/tarefa1.dir/C_/Users/Marcel/.pico-sdk/sdk/2.1.0/src/rp2_common/hardware_irq/irq.c.obj
                0x100009ec                irq_remove_handler
 .text.irq_add_tail_to_free_list
                0x10000be8       0xbc CMakeFiles/tarefa1.dir/C_/Users/Marcel/.pico-sdk/sdk/2.1.0/src/rp2_common/hardware_irq/irq.c.obj
                0x10000be8                irq_add_tail_to_free_list
 .text.user_irq_claim_unused
                0x10000ca4       0x28 CMakeFiles/tarefa1.dir/C_/Users/Marcel/.pico-sdk/sdk/2.1.0/src/rp2_common/hardware_irq/irq.c.obj
                0x10000ca4                user_irq_claim_unused
 .text.lock_init
                0x10000ccc        0xc CMakeFiles/tarefa1.dir/C_/Users/Marcel/.pico-sdk/sdk/2.1.0/src/common/pico_sync/lock_core.c.obj
                0x10000ccc                lock_init
 .text.runtime_init_mutex
                0x10000cd8       0x4c CMakeFiles/tarefa1.dir/C_/Users/Marcel/.pico-sdk/sdk/2.1.0/src/common/pico_sync/mutex.c.obj
                0x10000cd8                runtime_init_mutex
 .text.mutex_init
                0x10000d24       0x1c CMakeFiles/tarefa1.dir/C_/Users/Marcel/.pico-sdk/sdk/2.1.0/src/common/pico_sync/mutex.c.obj
                0x10000d24                mutex_init
 .text.critical_section_init
                0x10000d40       0x1c CMakeFiles/tarefa1.dir/C_/Users/Marcel/.pico-sdk/sdk/2.1.0/src/common/pico_sync/critical_section.c.obj
                0x10000d40                critical_section_init
 .text.critical_section_init_with_lock_num
                0x10000d5c       0x10 CMakeFiles/tarefa1.dir/C_/Users/Marcel/.pico-sdk/sdk/2.1.0/src/common/pico_sync/critical_section.c.obj
                0x10000d5c                critical_section_init_with_lock_num
 .text.sleep_until_callback
                0x10000d6c       0x3c CMakeFiles/tarefa1.dir/C_/Users/Marcel/.pico-sdk/sdk/2.1.0/src/common/pico_time/time.c.obj
 .text.alarm_pool_irq_handler
                0x10000da8      0x2e0 CMakeFiles/tarefa1.dir/C_/Users/Marcel/.pico-sdk/sdk/2.1.0/src/common/pico_time/time.c.obj
 .text.runtime_init_default_alarm_pool
                0x10001088      0x100 CMakeFiles/tarefa1.dir/C_/Users/Marcel/.pico-sdk/sdk/2.1.0/src/common/pico_time/time.c.obj
                0x10001088                runtime_init_default_alarm_pool
 .text.alarm_pool_get_default
                0x10001188        0x8 CMakeFiles/tarefa1.dir/C_/Users/Marcel/.pico-sdk/sdk/2.1.0/src/common/pico_time/time.c.obj
                0x10001188                alarm_pool_get_default
 .text.alarm_pool_add_alarm_at
                0x10001190       0xdc CMakeFiles/tarefa1.dir/C_/Users/Marcel/.pico-sdk/sdk/2.1.0/src/common/pico_time/time.c.obj
                0x10001190                alarm_pool_add_alarm_at
 .text.alarm_pool_add_alarm_at_force_in_context
                0x1000126c       0xc8 CMakeFiles/tarefa1.dir/C_/Users/Marcel/.pico-sdk/sdk/2.1.0/src/common/pico_time/time.c.obj
                0x1000126c                alarm_pool_add_alarm_at_force_in_context
 .text.alarm_pool_cancel_alarm
                0x10001334       0x80 CMakeFiles/tarefa1.dir/C_/Users/Marcel/.pico-sdk/sdk/2.1.0/src/common/pico_time/time.c.obj
                0x10001334                alarm_pool_cancel_alarm
 .text.alarm_pool_core_num
                0x100013b4        0x4 CMakeFiles/tarefa1.dir/C_/Users/Marcel/.pico-sdk/sdk/2.1.0/src/common/pico_time/time.c.obj
                0x100013b4                alarm_pool_core_num
 .text.sleep_until
                0x100013b8       0xbc CMakeFiles/tarefa1.dir/C_/Users/Marcel/.pico-sdk/sdk/2.1.0/src/common/pico_time/time.c.obj
                0x100013b8                sleep_until
 .text.sleep_ms
                0x10001474       0x2c CMakeFiles/tarefa1.dir/C_/Users/Marcel/.pico-sdk/sdk/2.1.0/src/common/pico_time/time.c.obj
                0x10001474                sleep_ms
 .text.best_effort_wfe_or_timeout
                0x100014a0       0xb0 CMakeFiles/tarefa1.dir/C_/Users/Marcel/.pico-sdk/sdk/2.1.0/src/common/pico_time/time.c.obj
                0x100014a0                best_effort_wfe_or_timeout
 .text.timer_hardware_alarm_claim
                0x10001550       0x24 CMakeFiles/tarefa1.dir/C_/Users/Marcel/.pico-sdk/sdk/2.1.0/src/rp2_common/hardware_timer/timer.c.obj
                0x10001550                timer_hardware_alarm_claim
 .text.timer_time_us_64
                0x10001574       0x10 CMakeFiles/tarefa1.dir/C_/Users/Marcel/.pico-sdk/sdk/2.1.0/src/rp2_common/hardware_timer/timer.c.obj
                0x10001574                timer_time_us_64
 .text.time_us_64
                0x10001584       0x14 CMakeFiles/tarefa1.dir/C_/Users/Marcel/.pico-sdk/sdk/2.1.0/src/rp2_common/hardware_timer/timer.c.obj
                0x10001584                time_us_64
 .text.busy_wait_us
                0x10001598       0x64 CMakeFiles/tarefa1.dir/C_/Users/Marcel/.pico-sdk/sdk/2.1.0/src/rp2_common/hardware_timer/timer.c.obj
                0x10001598                busy_wait_us
 .text.busy_wait_until
                0x100015fc       0x24 CMakeFiles/tarefa1.dir/C_/Users/Marcel/.pico-sdk/sdk/2.1.0/src/rp2_common/hardware_timer/timer.c.obj
                0x100015fc                busy_wait_until
 .text.uart_init
                0x10001620      0x104 CMakeFiles/tarefa1.dir/C_/Users/Marcel/.pico-sdk/sdk/2.1.0/src/rp2_common/hardware_uart/uart.c.obj
                0x10001620                uart_init
 .text.clock_configure_undivided
                0x10001724       0xd0 CMakeFiles/tarefa1.dir/C_/Users/Marcel/.pico-sdk/sdk/2.1.0/src/rp2_common/hardware_clocks/clocks.c.obj
                0x10001724                clock_configure_undivided
 .text.clock_get_hz
                0x100017f4        0xc CMakeFiles/tarefa1.dir/C_/Users/Marcel/.pico-sdk/sdk/2.1.0/src/rp2_common/hardware_clocks/clocks.c.obj
                0x100017f4                clock_get_hz
 .text.pll_init
                0x10001800       0x8c CMakeFiles/tarefa1.dir/C_/Users/Marcel/.pico-sdk/sdk/2.1.0/src/rp2_common/hardware_pll/pll.c.obj
                0x10001800                pll_init
 .text.watchdog_reboot
                0x1000188c       0x98 CMakeFiles/tarefa1.dir/C_/Users/Marcel/.pico-sdk/sdk/2.1.0/src/rp2_common/hardware_watchdog/watchdog.c.obj
                0x1000188c                watchdog_reboot
 .text.tick_start
                0x10001924       0x18 CMakeFiles/tarefa1.dir/C_/Users/Marcel/.pico-sdk/sdk/2.1.0/src/rp2_common/hardware_ticks/ticks.c.obj
                0x10001924                tick_start
 .text.rom_reboot.constprop.0.isra.0
                0x1000193c       0x34 CMakeFiles/tarefa1.dir/C_/Users/Marcel/.pico-sdk/sdk/2.1.0/src/rp2_common/pico_bootrom/bootrom.c.obj
 .text.rom_func_lookup
                0x10001970       0x18 CMakeFiles/tarefa1.dir/C_/Users/Marcel/.pico-sdk/sdk/2.1.0/src/rp2_common/pico_bootrom/bootrom.c.obj
                0x10001970                rom_func_lookup
 .text.rom_reset_usb_boot_extra
                0x10001988       0x1c CMakeFiles/tarefa1.dir/C_/Users/Marcel/.pico-sdk/sdk/2.1.0/src/rp2_common/pico_bootrom/bootrom.c.obj
                0x10001988                rom_reset_usb_boot_extra
 .text.runtime_init_bootrom_locking_enable
                0x100019a4       0x14 CMakeFiles/tarefa1.dir/C_/Users/Marcel/.pico-sdk/sdk/2.1.0/src/rp2_common/pico_bootrom/bootrom_lock.c.obj
                0x100019a4                runtime_init_bootrom_locking_enable
 .text.runtime_init_boot_locks_reset
                0x100019b8       0x1c CMakeFiles/tarefa1.dir/C_/Users/Marcel/.pico-sdk/sdk/2.1.0/src/rp2_common/hardware_boot_lock/boot_lock.c.obj
                0x100019b8                runtime_init_boot_locks_reset
 .text.xosc_init
                0x100019d4       0x2c CMakeFiles/tarefa1.dir/C_/Users/Marcel/.pico-sdk/sdk/2.1.0/src/rp2_common/hardware_xosc/xosc.c.obj
                0x100019d4                xosc_init
 .text.first_per_core_initializer
                0x10001a00        0x4 CMakeFiles/tarefa1.dir/C_/Users/Marcel/.pico-sdk/sdk/2.1.0/src/rp2_common/pico_runtime/runtime.c.obj
 .text.hard_assertion_failure
                0x10001a04        0xc CMakeFiles/tarefa1.dir/C_/Users/Marcel/.pico-sdk/sdk/2.1.0/src/rp2_common/pico_runtime/runtime.c.obj
                0x10001a04                hard_assertion_failure
 .text.runtime_run_initializers
                0x10001a10       0x20 CMakeFiles/tarefa1.dir/C_/Users/Marcel/.pico-sdk/sdk/2.1.0/src/rp2_common/pico_runtime/runtime.c.obj
                0x10001a10                runtime_run_initializers
 .text.runtime_init_early_resets
                0x10001a30       0x34 CMakeFiles/tarefa1.dir/C_/Users/Marcel/.pico-sdk/sdk/2.1.0/src/rp2_common/pico_runtime_init/runtime_init.c.obj
                0x10001a30                runtime_init_early_resets
 .text.runtime_init_usb_power_down
                0x10001a64       0x1c CMakeFiles/tarefa1.dir/C_/Users/Marcel/.pico-sdk/sdk/2.1.0/src/rp2_common/pico_runtime_init/runtime_init.c.obj
                0x10001a64                runtime_init_usb_power_down
 .text.runtime_init_per_core_enable_coprocessors
                0x10001a80       0x1c CMakeFiles/tarefa1.dir/C_/Users/Marcel/.pico-sdk/sdk/2.1.0/src/rp2_common/pico_runtime_init/runtime_init.c.obj
                0x10001a80                runtime_init_per_core_enable_coprocessors
 .text.runtime_init_post_clock_resets
                0x10001a9c       0x20 CMakeFiles/tarefa1.dir/C_/Users/Marcel/.pico-sdk/sdk/2.1.0/src/rp2_common/pico_runtime_init/runtime_init.c.obj
                0x10001a9c                runtime_init_post_clock_resets
 .text.runtime_init_bootrom_reset
                0x10001abc       0x14 CMakeFiles/tarefa1.dir/C_/Users/Marcel/.pico-sdk/sdk/2.1.0/src/rp2_common/pico_runtime_init/runtime_init.c.obj
                0x10001abc                runtime_init_bootrom_reset
 .text.runtime_init_per_core_bootrom_reset
                0x10001ad0       0x14 CMakeFiles/tarefa1.dir/C_/Users/Marcel/.pico-sdk/sdk/2.1.0/src/rp2_common/pico_runtime_init/runtime_init.c.obj
                0x10001ad0                runtime_init_per_core_bootrom_reset
 .text.runtime_init_spin_locks_reset
                0x10001ae4        0x4 CMakeFiles/tarefa1.dir/C_/Users/Marcel/.pico-sdk/sdk/2.1.0/src/rp2_common/pico_runtime_init/runtime_init.c.obj
                0x10001ae4                runtime_init_spin_locks_reset
 .text.runtime_init_install_ram_vector_table
                0x10001ae8       0x20 CMakeFiles/tarefa1.dir/C_/Users/Marcel/.pico-sdk/sdk/2.1.0/src/rp2_common/pico_runtime_init/runtime_init.c.obj
                0x10001ae8                runtime_init_install_ram_vector_table
 .text.runtime_init_clocks
                0x10001b08       0xdc CMakeFiles/tarefa1.dir/C_/Users/Marcel/.pico-sdk/sdk/2.1.0/src/rp2_common/pico_runtime_init/runtime_init_clocks.c.obj
                0x10001b08                runtime_init_clocks
 .text._out_char
                0x10001be4        0x8 CMakeFiles/tarefa1.dir/C_/Users/Marcel/.pico-sdk/sdk/2.1.0/src/rp2_common/pico_printf/printf.c.obj
 .text.weak_raw_vprintf
                0x10001bec       0x30 CMakeFiles/tarefa1.dir/C_/Users/Marcel/.pico-sdk/sdk/2.1.0/src/rp2_common/pico_printf/printf.c.obj
                0x10001bec                weak_raw_vprintf
 .text._exit    0x10001c1c        0x4 CMakeFiles/tarefa1.dir/C_/Users/Marcel/.pico-sdk/sdk/2.1.0/src/rp2_common/pico_clib_interface/newlib_interface.c.obj
                0x10001c1c                _exit
 .text.exit     0x10001c20        0x8 CMakeFiles/tarefa1.dir/C_/Users/Marcel/.pico-sdk/sdk/2.1.0/src/rp2_common/pico_clib_interface/newlib_interface.c.obj
                0x10001c20                exit
 .text.runtime_init
                0x10001c28       0x24 CMakeFiles/tarefa1.dir/C_/Users/Marcel/.pico-sdk/sdk/2.1.0/src/rp2_common/pico_clib_interface/newlib_interface.c.obj
                0x10001c28                runtime_init
 .text.stdio_out_chars_no_crlf
                0x10001c4c        0x8 CMakeFiles/tarefa1.dir/C_/Users/Marcel/.pico-sdk/sdk/2.1.0/src/rp2_common/pico_stdio/stdio.c.obj
 .text.stdio_out_chars_crlf
                0x10001c54       0xac CMakeFiles/tarefa1.dir/C_/Users/Marcel/.pico-sdk/sdk/2.1.0/src/rp2_common/pico_stdio/stdio.c.obj
 .text.stdio_put_string
                0x10001d00       0xf0 CMakeFiles/tarefa1.dir/C_/Users/Marcel/.pico-sdk/sdk/2.1.0/src/rp2_common/pico_stdio/stdio.c.obj
                0x10001d00                stdio_put_string
 .text.stdio_set_driver_enabled
                0x10001df0       0x30 CMakeFiles/tarefa1.dir/C_/Users/Marcel/.pico-sdk/sdk/2.1.0/src/rp2_common/pico_stdio/stdio.c.obj
                0x10001df0                stdio_set_driver_enabled
 .text.stdio_init_all
                0x10001e20       0x10 CMakeFiles/tarefa1.dir/C_/Users/Marcel/.pico-sdk/sdk/2.1.0/src/rp2_common/pico_stdio/stdio.c.obj
                0x10001e20                stdio_init_all
 .text.__wrap_putchar
                0x10001e30       0x84 CMakeFiles/tarefa1.dir/C_/Users/Marcel/.pico-sdk/sdk/2.1.0/src/rp2_common/pico_stdio/stdio.c.obj
                0x10001e30                __wrap_putchar
                0x10001e30                stdio_putchar
 .text.__wrap_puts
                0x10001eb4       0x3c CMakeFiles/tarefa1.dir/C_/Users/Marcel/.pico-sdk/sdk/2.1.0/src/rp2_common/pico_stdio/stdio.c.obj
                0x10001eb4                stdio_puts
                0x10001eb4                __wrap_puts
 .text.stdio_uart_out_chars
                0x10001ef0       0x50 CMakeFiles/tarefa1.dir/C_/Users/Marcel/.pico-sdk/sdk/2.1.0/src/rp2_common/pico_stdio_uart/stdio_uart.c.obj
 .text.stdio_uart_in_chars
                0x10001f40       0x94 CMakeFiles/tarefa1.dir/C_/Users/Marcel/.pico-sdk/sdk/2.1.0/src/rp2_common/pico_stdio_uart/stdio_uart.c.obj
                0x10001f40                stdio_uart_in_chars
 .text.on_uart_rx
                0x10001fd4       0x24 CMakeFiles/tarefa1.dir/C_/Users/Marcel/.pico-sdk/sdk/2.1.0/src/rp2_common/pico_stdio_uart/stdio_uart.c.obj
 .text.stdio_uart_out_flush
                0x10001ff8       0x10 CMakeFiles/tarefa1.dir/C_/Users/Marcel/.pico-sdk/sdk/2.1.0/src/rp2_common/pico_stdio_uart/stdio_uart.c.obj
 .text.stdio_uart_set_chars_available_callback
                0x10002008       0x88 CMakeFiles/tarefa1.dir/C_/Users/Marcel/.pico-sdk/sdk/2.1.0/src/rp2_common/pico_stdio_uart/stdio_uart.c.obj
 .text.stdio_uart_init
                0x10002090       0x54 CMakeFiles/tarefa1.dir/C_/Users/Marcel/.pico-sdk/sdk/2.1.0/src/rp2_common/pico_stdio_uart/stdio_uart.c.obj
                0x10002090                stdio_uart_init
 .text.resetd_init
                0x100020e4        0x4 CMakeFiles/tarefa1.dir/C_/Users/Marcel/.pico-sdk/sdk/2.1.0/src/rp2_common/pico_stdio_usb/reset_interface.c.obj
 .text.resetd_reset
                0x100020e8        0xc CMakeFiles/tarefa1.dir/C_/Users/Marcel/.pico-sdk/sdk/2.1.0/src/rp2_common/pico_stdio_usb/reset_interface.c.obj
 .text.resetd_open
                0x100020f4       0x28 CMakeFiles/tarefa1.dir/C_/Users/Marcel/.pico-sdk/sdk/2.1.0/src/rp2_common/pico_stdio_usb/reset_interface.c.obj
 .text.resetd_xfer_cb
                0x1000211c        0x4 CMakeFiles/tarefa1.dir/C_/Users/Marcel/.pico-sdk/sdk/2.1.0/src/rp2_common/pico_stdio_usb/reset_interface.c.obj
 .text.resetd_control_xfer_cb
                0x10002120       0x50 CMakeFiles/tarefa1.dir/C_/Users/Marcel/.pico-sdk/sdk/2.1.0/src/rp2_common/pico_stdio_usb/reset_interface.c.obj
 .text.tud_descriptor_bos_cb
                0x10002170        0x8 CMakeFiles/tarefa1.dir/C_/Users/Marcel/.pico-sdk/sdk/2.1.0/src/rp2_common/pico_stdio_usb/reset_interface.c.obj
                0x10002170                tud_descriptor_bos_cb
 .text.tud_vendor_control_xfer_cb
                0x10002178       0x28 CMakeFiles/tarefa1.dir/C_/Users/Marcel/.pico-sdk/sdk/2.1.0/src/rp2_common/pico_stdio_usb/reset_interface.c.obj
                0x10002178                tud_vendor_control_xfer_cb
 .text.usbd_app_driver_get_cb
                0x100021a0       0x10 CMakeFiles/tarefa1.dir/C_/Users/Marcel/.pico-sdk/sdk/2.1.0/src/rp2_common/pico_stdio_usb/reset_interface.c.obj
                0x100021a0                usbd_app_driver_get_cb
 .text.tud_cdc_line_coding_cb
                0x100021b0       0x18 CMakeFiles/tarefa1.dir/C_/Users/Marcel/.pico-sdk/sdk/2.1.0/src/rp2_common/pico_stdio_usb/reset_interface.c.obj
                0x100021b0                tud_cdc_line_coding_cb
 .text.stdio_usb_set_chars_available_callback
                0x100021c8       0x14 CMakeFiles/tarefa1.dir/C_/Users/Marcel/.pico-sdk/sdk/2.1.0/src/rp2_common/pico_stdio_usb/stdio_usb.c.obj
                0x100021c8                stdio_usb_set_chars_available_callback
 .text.timer_task
                0x100021dc       0x70 CMakeFiles/tarefa1.dir/C_/Users/Marcel/.pico-sdk/sdk/2.1.0/src/rp2_common/pico_stdio_usb/stdio_usb.c.obj
 .text.usb_irq  0x1000224c        0xc CMakeFiles/tarefa1.dir/C_/Users/Marcel/.pico-sdk/sdk/2.1.0/src/rp2_common/pico_stdio_usb/stdio_usb.c.obj
 .text.stdio_usb_in_chars
                0x10002258       0x88 CMakeFiles/tarefa1.dir/C_/Users/Marcel/.pico-sdk/sdk/2.1.0/src/rp2_common/pico_stdio_usb/stdio_usb.c.obj
                0x10002258                stdio_usb_in_chars
 .text.stdio_usb_out_flush
                0x100022e0       0x54 CMakeFiles/tarefa1.dir/C_/Users/Marcel/.pico-sdk/sdk/2.1.0/src/rp2_common/pico_stdio_usb/stdio_usb.c.obj
 .text.stdio_usb_out_chars
                0x10002334       0xf4 CMakeFiles/tarefa1.dir/C_/Users/Marcel/.pico-sdk/sdk/2.1.0/src/rp2_common/pico_stdio_usb/stdio_usb.c.obj
 .text.low_priority_worker_irq
                0x10002428       0xd8 CMakeFiles/tarefa1.dir/C_/Users/Marcel/.pico-sdk/sdk/2.1.0/src/rp2_common/pico_stdio_usb/stdio_usb.c.obj
 .text.stdio_usb_init
                0x10002500       0xe4 CMakeFiles/tarefa1.dir/C_/Users/Marcel/.pico-sdk/sdk/2.1.0/src/rp2_common/pico_stdio_usb/stdio_usb.c.obj
                0x10002500                stdio_usb_init
 .text.tud_descriptor_device_cb
                0x100025e4        0x8 CMakeFiles/tarefa1.dir/C_/Users/Marcel/.pico-sdk/sdk/2.1.0/src/rp2_common/pico_stdio_usb/stdio_usb_descriptors.c.obj
                0x100025e4                tud_descriptor_device_cb
 .text.tud_descriptor_configuration_cb
                0x100025ec        0x8 CMakeFiles/tarefa1.dir/C_/Users/Marcel/.pico-sdk/sdk/2.1.0/src/rp2_common/pico_stdio_usb/stdio_usb_descriptors.c.obj
                0x100025ec                tud_descriptor_configuration_cb
 .text.tud_descriptor_string_cb
                0x100025f4       0x70 CMakeFiles/tarefa1.dir/C_/Users/Marcel/.pico-sdk/sdk/2.1.0/src/rp2_common/pico_stdio_usb/stdio_usb_descriptors.c.obj
                0x100025f4                tud_descriptor_string_cb
 .text.startup._retrieve_unique_id_on_boot
                0x10002664       0x30 CMakeFiles/tarefa1.dir/C_/Users/Marcel/.pico-sdk/sdk/2.1.0/src/rp2_common/pico_unique_id/unique_id.c.obj
 .text.pico_get_unique_board_id_string
                0x10002694      0x184 CMakeFiles/tarefa1.dir/C_/Users/Marcel/.pico-sdk/sdk/2.1.0/src/rp2_common/pico_unique_id/unique_id.c.obj
                0x10002694                pico_get_unique_board_id_string
 .text.dcd_init
                0x10002818       0x90 CMakeFiles/tarefa1.dir/C_/Users/Marcel/.pico-sdk/sdk/2.1.0/lib/tinyusb/src/portable/raspberrypi/rp2040/dcd_rp2040.c.obj
                0x10002818                dcd_init
 .text.dcd_int_enable
                0x100028a8        0x8 CMakeFiles/tarefa1.dir/C_/Users/Marcel/.pico-sdk/sdk/2.1.0/lib/tinyusb/src/portable/raspberrypi/rp2040/dcd_rp2040.c.obj
                0x100028a8                dcd_int_enable
 .text.dcd_set_address
                0x100028b0       0x10 CMakeFiles/tarefa1.dir/C_/Users/Marcel/.pico-sdk/sdk/2.1.0/lib/tinyusb/src/portable/raspberrypi/rp2040/dcd_rp2040.c.obj
                0x100028b0                dcd_set_address
 .text.dcd_sof_enable
                0x100028c0       0x1c CMakeFiles/tarefa1.dir/C_/Users/Marcel/.pico-sdk/sdk/2.1.0/lib/tinyusb/src/portable/raspberrypi/rp2040/dcd_rp2040.c.obj
                0x100028c0                dcd_sof_enable
 .text.dcd_edpt0_status_complete
                0x100028dc       0x1c CMakeFiles/tarefa1.dir/C_/Users/Marcel/.pico-sdk/sdk/2.1.0/lib/tinyusb/src/portable/raspberrypi/rp2040/dcd_rp2040.c.obj
                0x100028dc                dcd_edpt0_status_complete
 .text.dcd_edpt_open
                0x100028f8       0xf8 CMakeFiles/tarefa1.dir/C_/Users/Marcel/.pico-sdk/sdk/2.1.0/lib/tinyusb/src/portable/raspberrypi/rp2040/dcd_rp2040.c.obj
                0x100028f8                dcd_edpt_open
 .text.dcd_edpt_close_all
                0x100029f0        0x4 CMakeFiles/tarefa1.dir/C_/Users/Marcel/.pico-sdk/sdk/2.1.0/lib/tinyusb/src/portable/raspberrypi/rp2040/dcd_rp2040.c.obj
                0x100029f0                dcd_edpt_close_all
 .text.dcd_edpt_xfer
                0x100029f4       0x28 CMakeFiles/tarefa1.dir/C_/Users/Marcel/.pico-sdk/sdk/2.1.0/lib/tinyusb/src/portable/raspberrypi/rp2040/dcd_rp2040.c.obj
                0x100029f4                dcd_edpt_xfer
 .text.dcd_edpt_stall
                0x10002a1c       0x2c CMakeFiles/tarefa1.dir/C_/Users/Marcel/.pico-sdk/sdk/2.1.0/lib/tinyusb/src/portable/raspberrypi/rp2040/dcd_rp2040.c.obj
                0x10002a1c                dcd_edpt_stall
 .text.dcd_edpt_clear_stall
                0x10002a48       0x2c CMakeFiles/tarefa1.dir/C_/Users/Marcel/.pico-sdk/sdk/2.1.0/lib/tinyusb/src/portable/raspberrypi/rp2040/dcd_rp2040.c.obj
                0x10002a48                dcd_edpt_clear_stall
 .text.rp2040_usb_init
                0x10002a74       0x40 CMakeFiles/tarefa1.dir/C_/Users/Marcel/.pico-sdk/sdk/2.1.0/lib/tinyusb/src/portable/raspberrypi/rp2040/rp2040_usb.c.obj
                0x10002a74                rp2040_usb_init
 .text.hw_endpoint_xfer_start
                0x10002ab4       0x40 CMakeFiles/tarefa1.dir/C_/Users/Marcel/.pico-sdk/sdk/2.1.0/lib/tinyusb/src/portable/raspberrypi/rp2040/rp2040_usb.c.obj
                0x10002ab4                hw_endpoint_xfer_start
 .text.configuration_reset
                0x10002af4       0x8c CMakeFiles/tarefa1.dir/C_/Users/Marcel/.pico-sdk/sdk/2.1.0/lib/tinyusb/src/device/usbd.c.obj
 .text.tud_event_hook_cb
                0x10002b80        0x4 CMakeFiles/tarefa1.dir/C_/Users/Marcel/.pico-sdk/sdk/2.1.0/lib/tinyusb/src/device/usbd.c.obj
                0x10002b80                tud_event_hook_cb
 .text.tud_sof_cb
                0x10002b84        0x4 CMakeFiles/tarefa1.dir/C_/Users/Marcel/.pico-sdk/sdk/2.1.0/lib/tinyusb/src/device/usbd.c.obj
                0x10002b84                tud_sof_cb
 .text.tud_descriptor_device_qualifier_cb
                0x10002b88        0x4 CMakeFiles/tarefa1.dir/C_/Users/Marcel/.pico-sdk/sdk/2.1.0/lib/tinyusb/src/device/usbd.c.obj
                0x10002b88                tud_descriptor_device_qualifier_cb
 .text.tud_descriptor_other_speed_configuration_cb
                0x10002b8c        0x4 CMakeFiles/tarefa1.dir/C_/Users/Marcel/.pico-sdk/sdk/2.1.0/lib/tinyusb/src/device/usbd.c.obj
                0x10002b8c                tud_descriptor_other_speed_configuration_cb
 .text.tud_mount_cb
                0x10002b90        0x4 CMakeFiles/tarefa1.dir/C_/Users/Marcel/.pico-sdk/sdk/2.1.0/lib/tinyusb/src/device/usbd.c.obj
                0x10002b90                tud_mount_cb
 .text.tud_umount_cb
                0x10002b94        0x4 CMakeFiles/tarefa1.dir/C_/Users/Marcel/.pico-sdk/sdk/2.1.0/lib/tinyusb/src/device/usbd.c.obj
                0x10002b94                tud_umount_cb
 .text.tud_suspend_cb
                0x10002b98        0x4 CMakeFiles/tarefa1.dir/C_/Users/Marcel/.pico-sdk/sdk/2.1.0/lib/tinyusb/src/device/usbd.c.obj
                0x10002b98                tud_suspend_cb
 .text.tud_resume_cb
                0x10002b9c        0x4 CMakeFiles/tarefa1.dir/C_/Users/Marcel/.pico-sdk/sdk/2.1.0/lib/tinyusb/src/device/usbd.c.obj
                0x10002b9c                tud_resume_cb
 .text.tud_mounted
                0x10002ba0       0x10 CMakeFiles/tarefa1.dir/C_/Users/Marcel/.pico-sdk/sdk/2.1.0/lib/tinyusb/src/device/usbd.c.obj
                0x10002ba0                tud_mounted
 .text.tud_suspended
                0x10002bb0       0x10 CMakeFiles/tarefa1.dir/C_/Users/Marcel/.pico-sdk/sdk/2.1.0/lib/tinyusb/src/device/usbd.c.obj
                0x10002bb0                tud_suspended
 .text.tud_init
                0x10002bc0       0xe8 CMakeFiles/tarefa1.dir/C_/Users/Marcel/.pico-sdk/sdk/2.1.0/lib/tinyusb/src/device/usbd.c.obj
                0x10002bc0                tud_init
 .text.tud_task_ext
                0x10002ca8      0x784 CMakeFiles/tarefa1.dir/C_/Users/Marcel/.pico-sdk/sdk/2.1.0/lib/tinyusb/src/device/usbd.c.obj
                0x10002ca8                tud_task_ext
 .text.usbd_open_edpt_pair
                0x1000342c       0x9c CMakeFiles/tarefa1.dir/C_/Users/Marcel/.pico-sdk/sdk/2.1.0/lib/tinyusb/src/device/usbd.c.obj
                0x1000342c                usbd_open_edpt_pair
 .text.usbd_edpt_open
                0x100034c8       0x44 CMakeFiles/tarefa1.dir/C_/Users/Marcel/.pico-sdk/sdk/2.1.0/lib/tinyusb/src/device/usbd.c.obj
                0x100034c8                usbd_edpt_open
 .text.usbd_edpt_claim
                0x1000350c       0x24 CMakeFiles/tarefa1.dir/C_/Users/Marcel/.pico-sdk/sdk/2.1.0/lib/tinyusb/src/device/usbd.c.obj
                0x1000350c                usbd_edpt_claim
 .text.usbd_edpt_release
                0x10003530       0x24 CMakeFiles/tarefa1.dir/C_/Users/Marcel/.pico-sdk/sdk/2.1.0/lib/tinyusb/src/device/usbd.c.obj
                0x10003530                usbd_edpt_release
 .text.usbd_edpt_xfer
                0x10003554       0x70 CMakeFiles/tarefa1.dir/C_/Users/Marcel/.pico-sdk/sdk/2.1.0/lib/tinyusb/src/device/usbd.c.obj
                0x10003554                usbd_edpt_xfer
 .text.tud_control_status
                0x100035c4       0x34 CMakeFiles/tarefa1.dir/C_/Users/Marcel/.pico-sdk/sdk/2.1.0/lib/tinyusb/src/device/usbd_control.c.obj
                0x100035c4                tud_control_status
 .text.tud_control_xfer
                0x100035f8       0xac CMakeFiles/tarefa1.dir/C_/Users/Marcel/.pico-sdk/sdk/2.1.0/lib/tinyusb/src/device/usbd_control.c.obj
                0x100035f8                tud_control_xfer
 .text.usbd_control_reset
                0x100036a4       0x14 CMakeFiles/tarefa1.dir/C_/Users/Marcel/.pico-sdk/sdk/2.1.0/lib/tinyusb/src/device/usbd_control.c.obj
                0x100036a4                usbd_control_reset
 .text.usbd_control_set_complete_callback
                0x100036b8        0xc CMakeFiles/tarefa1.dir/C_/Users/Marcel/.pico-sdk/sdk/2.1.0/lib/tinyusb/src/device/usbd_control.c.obj
                0x100036b8                usbd_control_set_complete_callback
 .text.usbd_control_set_request
                0x100036c4       0x1c CMakeFiles/tarefa1.dir/C_/Users/Marcel/.pico-sdk/sdk/2.1.0/lib/tinyusb/src/device/usbd_control.c.obj
                0x100036c4                usbd_control_set_request
 .text.usbd_control_xfer_cb
                0x100036e0       0xfc CMakeFiles/tarefa1.dir/C_/Users/Marcel/.pico-sdk/sdk/2.1.0/lib/tinyusb/src/device/usbd_control.c.obj
                0x100036e0                usbd_control_xfer_cb
 .text._prep_out_transaction.isra.0
                0x100037dc       0x60 CMakeFiles/tarefa1.dir/C_/Users/Marcel/.pico-sdk/sdk/2.1.0/lib/tinyusb/src/class/cdc/cdc_device.c.obj
 .text.tud_cdc_n_connected
                0x1000383c       0x2c CMakeFiles/tarefa1.dir/C_/Users/Marcel/.pico-sdk/sdk/2.1.0/lib/tinyusb/src/class/cdc/cdc_device.c.obj
                0x1000383c                tud_cdc_n_connected
 .text.tud_cdc_n_available
                0x10003868       0x18 CMakeFiles/tarefa1.dir/C_/Users/Marcel/.pico-sdk/sdk/2.1.0/lib/tinyusb/src/class/cdc/cdc_device.c.obj
                0x10003868                tud_cdc_n_available
 .text.tud_cdc_n_read
                0x10003880       0x90 CMakeFiles/tarefa1.dir/C_/Users/Marcel/.pico-sdk/sdk/2.1.0/lib/tinyusb/src/class/cdc/cdc_device.c.obj
                0x10003880                tud_cdc_n_read
 .text.tud_cdc_n_write_flush
                0x10003910       0x8c CMakeFiles/tarefa1.dir/C_/Users/Marcel/.pico-sdk/sdk/2.1.0/lib/tinyusb/src/class/cdc/cdc_device.c.obj
                0x10003910                tud_cdc_n_write_flush
 .text.tud_cdc_n_write
                0x1000399c       0x40 CMakeFiles/tarefa1.dir/C_/Users/Marcel/.pico-sdk/sdk/2.1.0/lib/tinyusb/src/class/cdc/cdc_device.c.obj
                0x1000399c                tud_cdc_n_write
 .text.tud_cdc_n_write_available
                0x100039dc       0x18 CMakeFiles/tarefa1.dir/C_/Users/Marcel/.pico-sdk/sdk/2.1.0/lib/tinyusb/src/class/cdc/cdc_device.c.obj
                0x100039dc                tud_cdc_n_write_available
 .text.cdcd_init
                0x100039f4       0x78 CMakeFiles/tarefa1.dir/C_/Users/Marcel/.pico-sdk/sdk/2.1.0/lib/tinyusb/src/class/cdc/cdc_device.c.obj
                0x100039f4                cdcd_init
 .text.cdcd_deinit
                0x10003a6c       0x2c CMakeFiles/tarefa1.dir/C_/Users/Marcel/.pico-sdk/sdk/2.1.0/lib/tinyusb/src/class/cdc/cdc_device.c.obj
                0x10003a6c                cdcd_deinit
 .text.cdcd_reset
                0x10003a98       0x4c CMakeFiles/tarefa1.dir/C_/Users/Marcel/.pico-sdk/sdk/2.1.0/lib/tinyusb/src/class/cdc/cdc_device.c.obj
                0x10003a98                cdcd_reset
 .text.cdcd_open
                0x10003ae4       0xb4 CMakeFiles/tarefa1.dir/C_/Users/Marcel/.pico-sdk/sdk/2.1.0/lib/tinyusb/src/class/cdc/cdc_device.c.obj
                0x10003ae4                cdcd_open
 .text.cdcd_control_xfer_cb
                0x10003b98       0xc4 CMakeFiles/tarefa1.dir/C_/Users/Marcel/.pico-sdk/sdk/2.1.0/lib/tinyusb/src/class/cdc/cdc_device.c.obj
                0x10003b98                cdcd_control_xfer_cb
 .text.cdcd_xfer_cb
                0x10003c5c       0xfc CMakeFiles/tarefa1.dir/C_/Users/Marcel/.pico-sdk/sdk/2.1.0/lib/tinyusb/src/class/cdc/cdc_device.c.obj
                0x10003c5c                cdcd_xfer_cb
 .text.vendord_init
                0x10003d58       0x5c CMakeFiles/tarefa1.dir/C_/Users/Marcel/.pico-sdk/sdk/2.1.0/lib/tinyusb/src/class/vendor/vendor_device.c.obj
                0x10003d58                vendord_init
 .text.vendord_deinit
                0x10003db4       0x1c CMakeFiles/tarefa1.dir/C_/Users/Marcel/.pico-sdk/sdk/2.1.0/lib/tinyusb/src/class/vendor/vendor_device.c.obj
                0x10003db4                vendord_deinit
 .text.vendord_reset
                0x10003dd0       0x20 CMakeFiles/tarefa1.dir/C_/Users/Marcel/.pico-sdk/sdk/2.1.0/lib/tinyusb/src/class/vendor/vendor_device.c.obj
                0x10003dd0                vendord_reset
 .text.vendord_open
                0x10003df0      0x108 CMakeFiles/tarefa1.dir/C_/Users/Marcel/.pico-sdk/sdk/2.1.0/lib/tinyusb/src/class/vendor/vendor_device.c.obj
                0x10003df0                vendord_open
 .text.vendord_xfer_cb
                0x10003ef8       0x88 CMakeFiles/tarefa1.dir/C_/Users/Marcel/.pico-sdk/sdk/2.1.0/lib/tinyusb/src/class/vendor/vendor_device.c.obj
                0x10003ef8                vendord_xfer_cb
 .text.tusb_init
                0x10003f80       0x1c CMakeFiles/tarefa1.dir/C_/Users/Marcel/.pico-sdk/sdk/2.1.0/lib/tinyusb/src/tusb.c.obj
                0x10003f80                tusb_init
 .text.tu_edpt_claim
                0x10003f9c       0x54 CMakeFiles/tarefa1.dir/C_/Users/Marcel/.pico-sdk/sdk/2.1.0/lib/tinyusb/src/tusb.c.obj
                0x10003f9c                tu_edpt_claim
 .text.tu_edpt_release
                0x10003ff0       0x38 CMakeFiles/tarefa1.dir/C_/Users/Marcel/.pico-sdk/sdk/2.1.0/lib/tinyusb/src/tusb.c.obj
                0x10003ff0                tu_edpt_release
 .text.tu_edpt_validate
                0x10004028       0x64 CMakeFiles/tarefa1.dir/C_/Users/Marcel/.pico-sdk/sdk/2.1.0/lib/tinyusb/src/tusb.c.obj
                0x10004028                tu_edpt_validate
 .text.tu_edpt_bind_driver
                0x1000408c       0x58 CMakeFiles/tarefa1.dir/C_/Users/Marcel/.pico-sdk/sdk/2.1.0/lib/tinyusb/src/tusb.c.obj
                0x1000408c                tu_edpt_bind_driver
 .text.tu_edpt_stream_init
                0x100040e4       0x58 CMakeFiles/tarefa1.dir/C_/Users/Marcel/.pico-sdk/sdk/2.1.0/lib/tinyusb/src/tusb.c.obj
                0x100040e4                tu_edpt_stream_init
 .text.tu_edpt_stream_deinit
                0x1000413c        0x4 CMakeFiles/tarefa1.dir/C_/Users/Marcel/.pico-sdk/sdk/2.1.0/lib/tinyusb/src/tusb.c.obj
                0x1000413c                tu_edpt_stream_deinit
 .text.tu_edpt_stream_write_zlp_if_needed
                0x10004140       0x68 CMakeFiles/tarefa1.dir/C_/Users/Marcel/.pico-sdk/sdk/2.1.0/lib/tinyusb/src/tusb.c.obj
                0x10004140                tu_edpt_stream_write_zlp_if_needed
 .text.tu_edpt_stream_write_xfer
                0x100041a8       0x70 CMakeFiles/tarefa1.dir/C_/Users/Marcel/.pico-sdk/sdk/2.1.0/lib/tinyusb/src/tusb.c.obj
                0x100041a8                tu_edpt_stream_write_xfer
 .text.tu_edpt_stream_read_xfer
                0x10004218       0xd0 CMakeFiles/tarefa1.dir/C_/Users/Marcel/.pico-sdk/sdk/2.1.0/lib/tinyusb/src/tusb.c.obj
                0x10004218                tu_edpt_stream_read_xfer
 .text.tu_fifo_config
                0x100042e8       0x60 CMakeFiles/tarefa1.dir/C_/Users/Marcel/.pico-sdk/sdk/2.1.0/lib/tinyusb/src/common/tusb_fifo.c.obj
                0x100042e8                tu_fifo_config
 .text.tu_fifo_count
                0x10004348       0x20 CMakeFiles/tarefa1.dir/C_/Users/Marcel/.pico-sdk/sdk/2.1.0/lib/tinyusb/src/common/tusb_fifo.c.obj
                0x10004348                tu_fifo_count
 .text.tu_fifo_empty
                0x10004368       0x14 CMakeFiles/tarefa1.dir/C_/Users/Marcel/.pico-sdk/sdk/2.1.0/lib/tinyusb/src/common/tusb_fifo.c.obj
                0x10004368                tu_fifo_empty
 .text.tu_fifo_remaining
                0x1000437c       0x24 CMakeFiles/tarefa1.dir/C_/Users/Marcel/.pico-sdk/sdk/2.1.0/lib/tinyusb/src/common/tusb_fifo.c.obj
                0x1000437c                tu_fifo_remaining
 .text.tu_fifo_read
                0x100043a0       0x94 CMakeFiles/tarefa1.dir/C_/Users/Marcel/.pico-sdk/sdk/2.1.0/lib/tinyusb/src/common/tusb_fifo.c.obj
                0x100043a0                tu_fifo_read
 .text.tu_fifo_read_n
                0x10004434       0xd8 CMakeFiles/tarefa1.dir/C_/Users/Marcel/.pico-sdk/sdk/2.1.0/lib/tinyusb/src/common/tusb_fifo.c.obj
                0x10004434                tu_fifo_read_n
 .text.tu_fifo_write
                0x1000450c       0xa0 CMakeFiles/tarefa1.dir/C_/Users/Marcel/.pico-sdk/sdk/2.1.0/lib/tinyusb/src/common/tusb_fifo.c.obj
                0x1000450c                tu_fifo_write
 .text.tu_fifo_write_n
                0x100045ac      0x158 CMakeFiles/tarefa1.dir/C_/Users/Marcel/.pico-sdk/sdk/2.1.0/lib/tinyusb/src/common/tusb_fifo.c.obj
                0x100045ac                tu_fifo_write_n
 .text.tu_fifo_clear
                0x10004704       0x38 CMakeFiles/tarefa1.dir/C_/Users/Marcel/.pico-sdk/sdk/2.1.0/lib/tinyusb/src/common/tusb_fifo.c.obj
                0x10004704                tu_fifo_clear
 .text.tu_fifo_set_overwritable
                0x1000473c       0x3c CMakeFiles/tarefa1.dir/C_/Users/Marcel/.pico-sdk/sdk/2.1.0/lib/tinyusb/src/common/tusb_fifo.c.obj
                0x1000473c                tu_fifo_set_overwritable
 .text.memset   0x10004778       0xa4 C:/Users/Marcel/.pico-sdk/toolchain/13_3_Rel1/bin/../lib/gcc/arm-none-eabi/13.3.1/thumb/v8-m.main+fp/softfp\libg.a(libc_a-memset.o)
                0x10004778                memset
 .text          0x1000481c       0xec C:/Users/Marcel/.pico-sdk/toolchain/13_3_Rel1/bin/../lib/gcc/arm-none-eabi/13.3.1/thumb/v8-m.main+fp/softfp\libg.a(libc_a-memcpy.o)
                0x1000481c                memcpy
 .text.strlen   0x10004908       0x5c C:/Users/Marcel/.pico-sdk/toolchain/13_3_Rel1/bin/../lib/gcc/arm-none-eabi/13.3.1/thumb/v8-m.main+fp/softfp\libg.a(libc_a-strlen-stub.o)
                0x10004908                strlen
 *(.fini)
 .fini          0x10004964        0x4 C:/Users/Marcel/.pico-sdk/toolchain/13_3_Rel1/bin/../lib/gcc/arm-none-eabi/13.3.1/thumb/v8-m.main+fp/softfp/crti.o
                0x10004964                _fini
 .fini.__stub   0x10004968       0x48 linker stubs
 *crtbegin.o(.ctors)
 *crtbegin?.o(.ctors)
 *(EXCLUDE_FILE(*crtend.o *crtend?.o) .ctors)
 *(SORT_BY_NAME(.ctors.*))
 *(.ctors)
 *crtbegin.o(.dtors)
 *crtbegin?.o(.dtors)
 *(EXCLUDE_FILE(*crtend.o *crtend?.o) .dtors)
 *(SORT_BY_NAME(.dtors.*))
 *(.dtors)
                0x100049b0                        . = ALIGN (0x4)
                0x100049b0                        PROVIDE (__preinit_array_start = .)
 *(SORT_BY_NAME(.preinit_array.*))
 .preinit_array.00050
                0x100049b0        0x4 CMakeFiles/tarefa1.dir/C_/Users/Marcel/.pico-sdk/sdk/2.1.0/src/rp2_common/pico_runtime_init/runtime_init.c.obj
                0x100049b0                __pre_init_runtime_init_bootrom_reset
 .preinit_array.00100
                0x100049b4        0x4 CMakeFiles/tarefa1.dir/C_/Users/Marcel/.pico-sdk/sdk/2.1.0/src/rp2_common/pico_runtime_init/runtime_init.c.obj
                0x100049b4                __pre_init_runtime_init_early_resets
 .preinit_array.00101
                0x100049b8        0x4 CMakeFiles/tarefa1.dir/C_/Users/Marcel/.pico-sdk/sdk/2.1.0/src/rp2_common/pico_runtime_init/runtime_init.c.obj
                0x100049b8                __pre_init_runtime_init_usb_power_down
 .preinit_array.00500
                0x100049bc        0x4 CMakeFiles/tarefa1.dir/C_/Users/Marcel/.pico-sdk/sdk/2.1.0/src/rp2_common/pico_runtime_init/runtime_init.c.obj
                0x100049bc                __pre_init_runtime_init_clocks
 .preinit_array.00600
                0x100049c0        0x4 CMakeFiles/tarefa1.dir/C_/Users/Marcel/.pico-sdk/sdk/2.1.0/src/rp2_common/pico_runtime_init/runtime_init.c.obj
                0x100049c0                __pre_init_runtime_init_post_clock_resets
 .preinit_array.01000
                0x100049c4        0x4 CMakeFiles/tarefa1.dir/C_/Users/Marcel/.pico-sdk/sdk/2.1.0/src/rp2_common/hardware_boot_lock/boot_lock.c.obj
                0x100049c4                __pre_init_runtime_init_boot_locks_reset
 .preinit_array.01000
                0x100049c8        0x4 CMakeFiles/tarefa1.dir/C_/Users/Marcel/.pico-sdk/sdk/2.1.0/src/rp2_common/pico_runtime_init/runtime_init.c.obj
                0x100049c8                __pre_init_runtime_init_spin_locks_reset
 .preinit_array.01010
                0x100049cc        0x4 CMakeFiles/tarefa1.dir/C_/Users/Marcel/.pico-sdk/sdk/2.1.0/src/rp2_common/pico_bootrom/bootrom_lock.c.obj
                0x100049cc                __pre_init_runtime_init_bootrom_locking_enable
 .preinit_array.01100
                0x100049d0        0x4 CMakeFiles/tarefa1.dir/C_/Users/Marcel/.pico-sdk/sdk/2.1.0/src/common/pico_sync/mutex.c.obj
                0x100049d0                __pre_init_runtime_init_mutex
 .preinit_array.10080
                0x100049d4        0x4 CMakeFiles/tarefa1.dir/C_/Users/Marcel/.pico-sdk/sdk/2.1.0/src/rp2_common/pico_runtime_init/runtime_init.c.obj
                0x100049d4                __pre_init_runtime_init_install_ram_vector_table
 .preinit_array.11000
                0x100049d8        0x4 CMakeFiles/tarefa1.dir/C_/Users/Marcel/.pico-sdk/sdk/2.1.0/src/common/pico_time/time.c.obj
                0x100049d8                __pre_init_runtime_init_default_alarm_pool
 .preinit_array.YYYYY
                0x100049dc        0x4 CMakeFiles/tarefa1.dir/C_/Users/Marcel/.pico-sdk/sdk/2.1.0/src/rp2_common/pico_runtime/runtime.c.obj
                0x100049dc                __pre_init_first_per_core_initializer
 .preinit_array.ZZZZZ.00051
                0x100049e0        0x4 CMakeFiles/tarefa1.dir/C_/Users/Marcel/.pico-sdk/sdk/2.1.0/src/rp2_common/pico_runtime_init/runtime_init.c.obj
                0x100049e0                __pre_init_runtime_init_per_core_bootrom_reset
 .preinit_array.ZZZZZ.00200
                0x100049e4        0x4 CMakeFiles/tarefa1.dir/C_/Users/Marcel/.pico-sdk/sdk/2.1.0/src/rp2_common/pico_runtime_init/runtime_init.c.obj
                0x100049e4                __pre_init_runtime_init_per_core_enable_coprocessors
 .preinit_array.ZZZZZ.01000
                0x100049e8        0x4 CMakeFiles/tarefa1.dir/C_/Users/Marcel/.pico-sdk/sdk/2.1.0/src/rp2_common/hardware_sync_spin_lock/sync_spin_lock.c.obj
                0x100049e8                __pre_init_spinlock_set_extexclall
 .preinit_array.ZZZZZ.01200
                0x100049ec        0x4 CMakeFiles/tarefa1.dir/C_/Users/Marcel/.pico-sdk/sdk/2.1.0/src/rp2_common/hardware_irq/irq.c.obj
                0x100049ec                __pre_init_runtime_init_per_core_irq_priorities
 *(.preinit_array)
                0x100049f0                        PROVIDE (__preinit_array_end = .)
                0x100049f0                        . = ALIGN (0x4)
                0x100049f0                        PROVIDE (__init_array_start = .)
 *(SORT_BY_NAME(.init_array.*))
 *(.init_array)
 .init_array    0x100049f0        0x4 C:/Users/Marcel/.pico-sdk/toolchain/13_3_Rel1/bin/../lib/gcc/arm-none-eabi/13.3.1/thumb/v8-m.main+fp/softfp/crtbegin.o
 .init_array    0x100049f4        0x4 CMakeFiles/tarefa1.dir/C_/Users/Marcel/.pico-sdk/sdk/2.1.0/src/rp2_common/pico_unique_id/unique_id.c.obj
                0x100049f8                        PROVIDE (__init_array_end = .)
                0x100049f8                        . = ALIGN (0x4)
                [!provide]                        PROVIDE (__fini_array_start = .)
 *(SORT_BY_NAME(.fini_array.*))
 *(.fini_array)
                [!provide]                        PROVIDE (__fini_array_end = .)
 *(.eh_frame*)
 .eh_frame      0x100049f8        0x0 C:/Users/Marcel/.pico-sdk/toolchain/13_3_Rel1/bin/../lib/gcc/arm-none-eabi/13.3.1/thumb/v8-m.main+fp/softfp/crtbegin.o
                0x100049f8                        . = ALIGN (0x4)

.glue_7         0x100049f8        0x0
 .glue_7        0x100049f8        0x0 linker stubs

.glue_7t        0x100049f8        0x0
 .glue_7t       0x100049f8        0x0 linker stubs

.vfp11_veneer   0x100049f8        0x0
 .vfp11_veneer  0x100049f8        0x0 linker stubs

.v4_bx          0x100049f8        0x0
 .v4_bx         0x100049f8        0x0 linker stubs

.iplt           0x100049f8        0x0
 .iplt          0x100049f8        0x0 C:/Users/Marcel/.pico-sdk/toolchain/13_3_Rel1/bin/../lib/gcc/arm-none-eabi/13.3.1/thumb/v8-m.main+fp/softfp/crtbegin.o

.boot2          0x100049f8        0x0
                0x100049f8                        __boot2_start__ = .
 *(.boot2)
                0x100049f8                        __boot2_end__ = .
                0x00000001                        ASSERT (((__boot2_end__ - __boot2_start__) <= 0x100), ERROR: Pico second stage bootloader must be no more than 256 bytes in size)

.rodata         0x100049f8      0x3c4
 *(EXCLUDE_FILE(*libm.a: *libc.a:*lib_a-mem*.o *libgcc.a:) .rodata*)
 .rodata.ROW_PINS
                0x100049f8        0x4 CMakeFiles/tarefa1.dir/tarefa1.c.obj
                0x100049f8                ROW_PINS
 .rodata.COL_PINS
                0x100049fc        0x4 CMakeFiles/tarefa1.dir/tarefa1.c.obj
                0x100049fc                COL_PINS
 .rodata.panic.str1.4
                0x10004a00      0x184 CMakeFiles/tarefa1.dir/C_/Users/Marcel/.pico-sdk/sdk/2.1.0/src/rp2_common/pico_platform_panic/panic.c.obj
                                 0x12 (size before relaxing)
 .rodata.spin_lock_claim_unused.str1.4
                0x10004b84       0x1b CMakeFiles/tarefa1.dir/C_/Users/Marcel/.pico-sdk/sdk/2.1.0/src/rp2_common/hardware_sync/sync.c.obj
 .rodata.user_irq_claim_unused.str1.4
                0x10004b84       0x1b CMakeFiles/tarefa1.dir/C_/Users/Marcel/.pico-sdk/sdk/2.1.0/src/rp2_common/hardware_irq/irq.c.obj
 .rodata.timer_hardware_alarm_claim.str1.4
                0x10004b84       0x22 CMakeFiles/tarefa1.dir/C_/Users/Marcel/.pico-sdk/sdk/2.1.0/src/rp2_common/hardware_timer/timer.c.obj
 .rodata.hard_assertion_failure.str1.4
                0x10004b84        0xc CMakeFiles/tarefa1.dir/C_/Users/Marcel/.pico-sdk/sdk/2.1.0/src/rp2_common/pico_runtime/runtime.c.obj
 .rodata.str1.4
                0x10004b84       0x40 CMakeFiles/tarefa1.dir/C_/Users/Marcel/.pico-sdk/sdk/2.1.0/src/rp2_common/pico_standard_binary_info/standard_binary_info.c.obj
 .rodata.__bi_84
                0x10004b84        0xc CMakeFiles/tarefa1.dir/C_/Users/Marcel/.pico-sdk/sdk/2.1.0/src/rp2_common/pico_standard_binary_info/standard_binary_info.c.obj
 .rodata.__bi_78
                0x10004b90        0xc CMakeFiles/tarefa1.dir/C_/Users/Marcel/.pico-sdk/sdk/2.1.0/src/rp2_common/pico_standard_binary_info/standard_binary_info.c.obj
 .rodata.__bi_60
                0x10004b9c        0xc CMakeFiles/tarefa1.dir/C_/Users/Marcel/.pico-sdk/sdk/2.1.0/src/rp2_common/pico_standard_binary_info/standard_binary_info.c.obj
 .rodata.__bi_54
                0x10004ba8        0xc CMakeFiles/tarefa1.dir/C_/Users/Marcel/.pico-sdk/sdk/2.1.0/src/rp2_common/pico_standard_binary_info/standard_binary_info.c.obj
 .rodata.__bi_48
                0x10004bb4        0xc CMakeFiles/tarefa1.dir/C_/Users/Marcel/.pico-sdk/sdk/2.1.0/src/rp2_common/pico_standard_binary_info/standard_binary_info.c.obj
 .rodata.__bi_42
                0x10004bc0        0xc CMakeFiles/tarefa1.dir/C_/Users/Marcel/.pico-sdk/sdk/2.1.0/src/rp2_common/pico_standard_binary_info/standard_binary_info.c.obj
 .rodata.__bi_34
                0x10004bcc        0xc CMakeFiles/tarefa1.dir/C_/Users/Marcel/.pico-sdk/sdk/2.1.0/src/rp2_common/pico_standard_binary_info/standard_binary_info.c.obj
 .rodata.__bi_26
                0x10004bd8        0xc CMakeFiles/tarefa1.dir/C_/Users/Marcel/.pico-sdk/sdk/2.1.0/src/rp2_common/pico_standard_binary_info/standard_binary_info.c.obj
 .rodata.crlf_str.0
                0x10004be4        0x2 CMakeFiles/tarefa1.dir/C_/Users/Marcel/.pico-sdk/sdk/2.1.0/src/rp2_common/pico_stdio/stdio.c.obj
 .rodata.str1.4
                0x10004be6       0x2c CMakeFiles/tarefa1.dir/C_/Users/Marcel/.pico-sdk/sdk/2.1.0/src/rp2_common/pico_stdio_uart/stdio_uart.c.obj
 *fill*         0x10004be6        0x2 
 .rodata.__bi_45.4
                0x10004be8        0xc CMakeFiles/tarefa1.dir/C_/Users/Marcel/.pico-sdk/sdk/2.1.0/src/rp2_common/pico_stdio_uart/stdio_uart.c.obj
 .rodata.__bi_49.5
                0x10004bf4        0x8 CMakeFiles/tarefa1.dir/C_/Users/Marcel/.pico-sdk/sdk/2.1.0/src/rp2_common/pico_stdio_uart/stdio_uart.c.obj
 .rodata.__bi_50.6
                0x10004bfc        0x8 CMakeFiles/tarefa1.dir/C_/Users/Marcel/.pico-sdk/sdk/2.1.0/src/rp2_common/pico_stdio_uart/stdio_uart.c.obj
 .rodata._resetd_driver
                0x10004c04       0x20 CMakeFiles/tarefa1.dir/C_/Users/Marcel/.pico-sdk/sdk/2.1.0/src/rp2_common/pico_stdio_usb/reset_interface.c.obj
 .rodata.desc_ms_os_20
                0x10004c24       0xa6 CMakeFiles/tarefa1.dir/C_/Users/Marcel/.pico-sdk/sdk/2.1.0/src/rp2_common/pico_stdio_usb/reset_interface.c.obj
 *fill*         0x10004cca        0x2 
 .rodata.desc_bos
                0x10004ccc       0x21 CMakeFiles/tarefa1.dir/C_/Users/Marcel/.pico-sdk/sdk/2.1.0/src/rp2_common/pico_stdio_usb/reset_interface.c.obj
                0x10004ccc                desc_bos
 .rodata.str1.4
                0x10004ced       0x13 CMakeFiles/tarefa1.dir/C_/Users/Marcel/.pico-sdk/sdk/2.1.0/src/rp2_common/pico_stdio_usb/stdio_usb.c.obj
 *fill*         0x10004ced        0x3 
 .rodata.__bi_197.0
                0x10004cf0        0xc CMakeFiles/tarefa1.dir/C_/Users/Marcel/.pico-sdk/sdk/2.1.0/src/rp2_common/pico_stdio_usb/stdio_usb.c.obj
 .rodata.str1.4
                0x10004cfc       0x2a CMakeFiles/tarefa1.dir/C_/Users/Marcel/.pico-sdk/sdk/2.1.0/src/rp2_common/pico_stdio_usb/stdio_usb_descriptors.c.obj
 .rodata.usbd_desc_str
                0x10004cfc       0x18 CMakeFiles/tarefa1.dir/C_/Users/Marcel/.pico-sdk/sdk/2.1.0/src/rp2_common/pico_stdio_usb/stdio_usb_descriptors.c.obj
 .rodata.usbd_desc_cfg
                0x10004d14       0x54 CMakeFiles/tarefa1.dir/C_/Users/Marcel/.pico-sdk/sdk/2.1.0/src/rp2_common/pico_stdio_usb/stdio_usb_descriptors.c.obj
 .rodata.usbd_desc_device
                0x10004d68       0x12 CMakeFiles/tarefa1.dir/C_/Users/Marcel/.pico-sdk/sdk/2.1.0/src/rp2_common/pico_stdio_usb/stdio_usb_descriptors.c.obj
 .rodata.str1.4
                0x10004d7a       0x14 CMakeFiles/tarefa1.dir/C_/Users/Marcel/.pico-sdk/sdk/2.1.0/lib/tinyusb/src/portable/raspberrypi/rp2040/dcd_rp2040.c.obj
 .rodata.str1.4
                0x10004d7a       0x48 CMakeFiles/tarefa1.dir/C_/Users/Marcel/.pico-sdk/sdk/2.1.0/lib/tinyusb/src/portable/raspberrypi/rp2040/rp2040_usb.c.obj
 *fill*         0x10004d7a        0x2 
 .rodata._usbd_driver
                0x10004d7c       0x40 CMakeFiles/tarefa1.dir/C_/Users/Marcel/.pico-sdk/sdk/2.1.0/lib/tinyusb/src/device/usbd.c.obj
 *(.srodata*)
                0x10004dbc                        . = ALIGN (0x4)
 *(SORT_BY_ALIGNMENT(SORT_BY_NAME(.flashdata*)))
                0x10004dbc                        . = ALIGN (0x4)

.ARM.extab
 *(.ARM.extab* .gnu.linkonce.armextab.*)
                0x10004dbc                        __exidx_start = .

.ARM.exidx      0x10004dbc        0x8
 *(.ARM.exidx* .gnu.linkonce.armexidx.*)
 .ARM.exidx     0x10004dbc        0x8 C:/Users/Marcel/.pico-sdk/toolchain/13_3_Rel1/bin/../lib/gcc/arm-none-eabi/13.3.1/thumb/v8-m.main+fp/softfp\libg.a(libc_a-memcpy.o)
                0x10004dc4                        __exidx_end = .
                0x10004dc4                        . = ALIGN (0x4)
                0x10004dc4                        __binary_info_start = .

.binary_info    0x10004dc4       0x30
 *(.binary_info.keep.*)
 .binary_info.keep.__bi_ptr84
                0x10004dc4        0x4 CMakeFiles/tarefa1.dir/C_/Users/Marcel/.pico-sdk/sdk/2.1.0/src/rp2_common/pico_standard_binary_info/standard_binary_info.c.obj
 .binary_info.keep.__bi_ptr78
                0x10004dc8        0x4 CMakeFiles/tarefa1.dir/C_/Users/Marcel/.pico-sdk/sdk/2.1.0/src/rp2_common/pico_standard_binary_info/standard_binary_info.c.obj
 .binary_info.keep.__bi_ptr60
                0x10004dcc        0x4 CMakeFiles/tarefa1.dir/C_/Users/Marcel/.pico-sdk/sdk/2.1.0/src/rp2_common/pico_standard_binary_info/standard_binary_info.c.obj
 .binary_info.keep.__bi_ptr54
                0x10004dd0        0x4 CMakeFiles/tarefa1.dir/C_/Users/Marcel/.pico-sdk/sdk/2.1.0/src/rp2_common/pico_standard_binary_info/standard_binary_info.c.obj
 .binary_info.keep.__bi_ptr48
                0x10004dd4        0x4 CMakeFiles/tarefa1.dir/C_/Users/Marcel/.pico-sdk/sdk/2.1.0/src/rp2_common/pico_standard_binary_info/standard_binary_info.c.obj
 .binary_info.keep.__bi_ptr42
                0x10004dd8        0x4 CMakeFiles/tarefa1.dir/C_/Users/Marcel/.pico-sdk/sdk/2.1.0/src/rp2_common/pico_standard_binary_info/standard_binary_info.c.obj
 .binary_info.keep.__bi_ptr34
                0x10004ddc        0x4 CMakeFiles/tarefa1.dir/C_/Users/Marcel/.pico-sdk/sdk/2.1.0/src/rp2_common/pico_standard_binary_info/standard_binary_info.c.obj
 .binary_info.keep.__bi_ptr26
                0x10004de0        0x4 CMakeFiles/tarefa1.dir/C_/Users/Marcel/.pico-sdk/sdk/2.1.0/src/rp2_common/pico_standard_binary_info/standard_binary_info.c.obj
 *(.binary_info.*)
 .binary_info.__bi_ptr50
                0x10004de4        0x4 CMakeFiles/tarefa1.dir/C_/Users/Marcel/.pico-sdk/sdk/2.1.0/src/rp2_common/pico_stdio_uart/stdio_uart.c.obj
 .binary_info.__bi_ptr49
                0x10004de8        0x4 CMakeFiles/tarefa1.dir/C_/Users/Marcel/.pico-sdk/sdk/2.1.0/src/rp2_common/pico_stdio_uart/stdio_uart.c.obj
 .binary_info.__bi_ptr45
                0x10004dec        0x4 CMakeFiles/tarefa1.dir/C_/Users/Marcel/.pico-sdk/sdk/2.1.0/src/rp2_common/pico_stdio_uart/stdio_uart.c.obj
 .binary_info.__bi_ptr197
                0x10004df0        0x4 CMakeFiles/tarefa1.dir/C_/Users/Marcel/.pico-sdk/sdk/2.1.0/src/rp2_common/pico_stdio_usb/stdio_usb.c.obj
                0x10004df4                        __binary_info_end = .
                0x10004df4                        . = ALIGN (0x4)

.ram_vector_table
                0x20000000      0x110
 *(.ram_vector_table)
 .ram_vector_table
                0x20000000      0x110 CMakeFiles/tarefa1.dir/C_/Users/Marcel/.pico-sdk/sdk/2.1.0/src/rp2_common/pico_runtime_init/runtime_init.c.obj
                0x20000000                ram_vector_table

.uninitialized_data
                0x20000110        0x0
                0x20000110                        . = ALIGN (0x4)
 *(.uninitialized_data*)

.data           0x20000110      0xde4 load address 0x10004df4
                0x20000110                        __data_start__ = .
 *(vtable)
 *(.time_critical*)
 .time_critical.mutex_try_enter
                0x20000110       0x50 CMakeFiles/tarefa1.dir/C_/Users/Marcel/.pico-sdk/sdk/2.1.0/src/common/pico_sync/mutex.c.obj
                0x20000110                mutex_try_enter
 .time_critical.mutex_enter_block_until
                0x20000160       0x70 CMakeFiles/tarefa1.dir/C_/Users/Marcel/.pico-sdk/sdk/2.1.0/src/common/pico_sync/mutex.c.obj
                0x20000160                mutex_enter_block_until
 .time_critical.mutex_try_enter_block_until
                0x200001d0       0x6c CMakeFiles/tarefa1.dir/C_/Users/Marcel/.pico-sdk/sdk/2.1.0/src/common/pico_sync/mutex.c.obj
                0x200001d0                mutex_try_enter_block_until
 .time_critical.mutex_enter_timeout_ms
                0x2000023c       0x38 CMakeFiles/tarefa1.dir/C_/Users/Marcel/.pico-sdk/sdk/2.1.0/src/common/pico_sync/mutex.c.obj
                0x2000023c                mutex_enter_timeout_ms
 .time_critical.mutex_exit
                0x20000274       0x3c CMakeFiles/tarefa1.dir/C_/Users/Marcel/.pico-sdk/sdk/2.1.0/src/common/pico_sync/mutex.c.obj
                0x20000274                mutex_exit
 .time_critical.reset_non_control_endpoints
                0x200002b0       0x64 CMakeFiles/tarefa1.dir/C_/Users/Marcel/.pico-sdk/sdk/2.1.0/lib/tinyusb/src/portable/raspberrypi/rp2040/dcd_rp2040.c.obj
 .time_critical.hw_handle_buff_status
                0x20000314       0x98 CMakeFiles/tarefa1.dir/C_/Users/Marcel/.pico-sdk/sdk/2.1.0/lib/tinyusb/src/portable/raspberrypi/rp2040/dcd_rp2040.c.obj
 .time_critical.dcd_rp2040_irq
                0x200003ac      0x540 CMakeFiles/tarefa1.dir/C_/Users/Marcel/.pico-sdk/sdk/2.1.0/lib/tinyusb/src/portable/raspberrypi/rp2040/dcd_rp2040.c.obj
 .time_critical.prepare_ep_buffer
                0x200008ec       0xd0 CMakeFiles/tarefa1.dir/C_/Users/Marcel/.pico-sdk/sdk/2.1.0/lib/tinyusb/src/portable/raspberrypi/rp2040/rp2040_usb.c.obj
 .time_critical.sync_ep_buffer
                0x200009bc       0xb8 CMakeFiles/tarefa1.dir/C_/Users/Marcel/.pico-sdk/sdk/2.1.0/lib/tinyusb/src/portable/raspberrypi/rp2040/rp2040_usb.c.obj
 .time_critical._hw_endpoint_xfer_sync
                0x20000a74       0x2c CMakeFiles/tarefa1.dir/C_/Users/Marcel/.pico-sdk/sdk/2.1.0/lib/tinyusb/src/portable/raspberrypi/rp2040/rp2040_usb.c.obj
 .time_critical.e15_is_bulkin_ep
                0x20000aa0       0x28 CMakeFiles/tarefa1.dir/C_/Users/Marcel/.pico-sdk/sdk/2.1.0/lib/tinyusb/src/portable/raspberrypi/rp2040/rp2040_usb.c.obj
 .time_critical.e15_is_critical_frame_period
                0x20000ac8       0x28 CMakeFiles/tarefa1.dir/C_/Users/Marcel/.pico-sdk/sdk/2.1.0/lib/tinyusb/src/portable/raspberrypi/rp2040/rp2040_usb.c.obj
 .time_critical.hw_endpoint_reset_transfer
                0x20000af0        0xc CMakeFiles/tarefa1.dir/C_/Users/Marcel/.pico-sdk/sdk/2.1.0/lib/tinyusb/src/portable/raspberrypi/rp2040/rp2040_usb.c.obj
                0x20000af0                hw_endpoint_reset_transfer
 .time_critical._hw_endpoint_buffer_control_update32
                0x20000afc       0x44 CMakeFiles/tarefa1.dir/C_/Users/Marcel/.pico-sdk/sdk/2.1.0/lib/tinyusb/src/portable/raspberrypi/rp2040/rp2040_usb.c.obj
                0x20000afc                _hw_endpoint_buffer_control_update32
 .time_critical.hw_endpoint_start_next_buffer
                0x20000b40       0x64 CMakeFiles/tarefa1.dir/C_/Users/Marcel/.pico-sdk/sdk/2.1.0/lib/tinyusb/src/portable/raspberrypi/rp2040/rp2040_usb.c.obj
                0x20000b40                hw_endpoint_start_next_buffer
 .time_critical.hw_endpoint_xfer_continue
                0x20000ba4       0x3c CMakeFiles/tarefa1.dir/C_/Users/Marcel/.pico-sdk/sdk/2.1.0/lib/tinyusb/src/portable/raspberrypi/rp2040/rp2040_usb.c.obj
                0x20000ba4                hw_endpoint_xfer_continue
 .time_critical.tinyusb
                0x20000be0      0x224 CMakeFiles/tarefa1.dir/C_/Users/Marcel/.pico-sdk/sdk/2.1.0/lib/tinyusb/src/device/usbd.c.obj
                0x20000be0                dcd_event_handler
 *fill*         0x20000e04        0x4 
 .time_critical.tinyusb.__stub
                0x20000e08       0x30 linker stubs
 *(.text*)
                0x20000e38                        . = ALIGN (0x4)
 *(.rodata*)
                0x20000e38                        . = ALIGN (0x4)
 *(.data*)
 .data.striped_spin_lock_num
                0x20000e38        0x1 CMakeFiles/tarefa1.dir/C_/Users/Marcel/.pico-sdk/sdk/2.1.0/src/rp2_common/hardware_sync/sync.c.obj
 *fill*         0x20000e39        0x3 
 .data          0x20000e3c       0x48 CMakeFiles/tarefa1.dir/C_/Users/Marcel/.pico-sdk/sdk/2.1.0/src/rp2_common/hardware_irq/irq_handler_chain.S.obj
                0x20000e3c                irq_handler_chain_slots
                0x20000e6c                irq_handler_chain_first_slot
                0x20000e76                irq_handler_chain_remove_tail
 .data.default_alarm_pool
                0x20000e84       0x18 CMakeFiles/tarefa1.dir/C_/Users/Marcel/.pico-sdk/sdk/2.1.0/src/common/pico_time/time.c.obj
 .data.stdio_uart
                0x20000e9c       0x18 CMakeFiles/tarefa1.dir/C_/Users/Marcel/.pico-sdk/sdk/2.1.0/src/rp2_common/pico_stdio_uart/stdio_uart.c.obj
                0x20000e9c                stdio_uart
 .data.stdio_usb
                0x20000eb4       0x18 CMakeFiles/tarefa1.dir/C_/Users/Marcel/.pico-sdk/sdk/2.1.0/src/rp2_common/pico_stdio_usb/stdio_usb.c.obj
                0x20000eb4                stdio_usb
 .data._usbd_qdef
                0x20000ecc       0x1c CMakeFiles/tarefa1.dir/C_/Users/Marcel/.pico-sdk/sdk/2.1.0/lib/tinyusb/src/device/usbd.c.obj
                0x20000ecc                _usbd_qdef
 .data._usbd_rhport
                0x20000ee8        0x1 CMakeFiles/tarefa1.dir/C_/Users/Marcel/.pico-sdk/sdk/2.1.0/lib/tinyusb/src/device/usbd.c.obj
 *(.sdata*)
                0x20000eec                        . = ALIGN (0x4)
 *fill*         0x20000ee9        0x3 
 *(.after_data.*)
                0x20000eec                        . = ALIGN (0x4)
                0x20000eec                        PROVIDE (__mutex_array_start = .)
 *(SORT_BY_NAME(.mutex_array.*))
 *(.mutex_array)
 .mutex_array   0x20000eec        0x8 CMakeFiles/tarefa1.dir/C_/Users/Marcel/.pico-sdk/sdk/2.1.0/src/rp2_common/pico_stdio/stdio.c.obj
                0x20000ef4                        PROVIDE (__mutex_array_end = .)
 *(.jcr)
                0x20000ef4                        . = ALIGN (0x4)

.tm_clone_table
                0x20000ef4        0x0 load address 0x10005bd8
 .tm_clone_table
                0x20000ef4        0x0 C:/Users/Marcel/.pico-sdk/toolchain/13_3_Rel1/bin/../lib/gcc/arm-none-eabi/13.3.1/thumb/v8-m.main+fp/softfp/crtbegin.o
 .tm_clone_table
                0x20000ef4        0x0 C:/Users/Marcel/.pico-sdk/toolchain/13_3_Rel1/bin/../lib/gcc/arm-none-eabi/13.3.1/thumb/v8-m.main+fp/softfp/crtend.o

.igot.plt       0x20000ef4        0x0 load address 0x10005bd8
 .igot.plt      0x20000ef4        0x0 C:/Users/Marcel/.pico-sdk/toolchain/13_3_Rel1/bin/../lib/gcc/arm-none-eabi/13.3.1/thumb/v8-m.main+fp/softfp/crtbegin.o

.tdata          0x20000ef4        0x0 load address 0x10005bd8
                0x20000ef4                        . = ALIGN (0x4)
 *(.tdata .tdata.* .gnu.linkonce.td.*)
                0x20000ef4                        __tdata_end = .
                0x20000ef4                        PROVIDE (__data_end__ = .)
                0x10004df4                        __etext = LOADADDR (.data)

.tbss           0x20000ef4        0x0 load address 0x10005bd8
                0x20000ef4                        . = ALIGN (0x4)
                0x20000ef4                        __bss_start__ = .
                0x20000ef4                        __tls_base = .
 *(.tbss .tbss.* .gnu.linkonce.tb.*)
 *(.tcommon)
                0x20000ef4                        __tls_end = .

.bss            0x20000ef8      0xdb4 load address 0x10005bd8
                0x20000ef8                        . = ALIGN (0x4)
                0x20000ef8                        __tbss_end = .
 *(SORT_BY_ALIGNMENT(SORT_BY_NAME(.bss*)))
 .bss._cdcd_itf
                0x20000ef8      0x2c8 CMakeFiles/tarefa1.dir/C_/Users/Marcel/.pico-sdk/sdk/2.1.0/lib/tinyusb/src/class/cdc/cdc_device.c.obj
 .bss.default_alarm_pool_entries
                0x200011c0      0x180 CMakeFiles/tarefa1.dir/C_/Users/Marcel/.pico-sdk/sdk/2.1.0/src/common/pico_time/time.c.obj
 .bss.last_avail_time.1
                0x20001340        0x8 CMakeFiles/tarefa1.dir/C_/Users/Marcel/.pico-sdk/sdk/2.1.0/src/rp2_common/pico_stdio_usb/stdio_usb.c.obj
 .bss._app_driver
                0x20001348        0x4 CMakeFiles/tarefa1.dir/C_/Users/Marcel/.pico-sdk/sdk/2.1.0/lib/tinyusb/src/device/usbd.c.obj
 .bss._cdcd_fifo_cfg
                0x2000134c        0x1 CMakeFiles/tarefa1.dir/C_/Users/Marcel/.pico-sdk/sdk/2.1.0/lib/tinyusb/src/class/cdc/cdc_device.c.obj
 *fill*         0x2000134d        0x3 
 .bss._ctrl_xfer
                0x20001350       0x14 CMakeFiles/tarefa1.dir/C_/Users/Marcel/.pico-sdk/sdk/2.1.0/lib/tinyusb/src/device/usbd_control.c.obj
 .bss._sw_spin_locks
                0x20001364       0x20 CMakeFiles/tarefa1.dir/C_/Users/Marcel/.pico-sdk/sdk/2.1.0/src/rp2_common/hardware_sync_spin_lock/sync_spin_lock.c.obj
                0x20001364                _sw_spin_locks
 .bss._ubsd_mutexdef
                0x20001384        0x8 CMakeFiles/tarefa1.dir/C_/Users/Marcel/.pico-sdk/sdk/2.1.0/lib/tinyusb/src/device/usbd.c.obj
 .bss._usbd_ctrl_buf
                0x2000138c       0x40 CMakeFiles/tarefa1.dir/C_/Users/Marcel/.pico-sdk/sdk/2.1.0/lib/tinyusb/src/device/usbd_control.c.obj
 .bss._usbd_dev
                0x200013cc       0x54 CMakeFiles/tarefa1.dir/C_/Users/Marcel/.pico-sdk/sdk/2.1.0/lib/tinyusb/src/device/usbd.c.obj
 .bss._usbd_mutex
                0x20001420        0x4 CMakeFiles/tarefa1.dir/C_/Users/Marcel/.pico-sdk/sdk/2.1.0/lib/tinyusb/src/device/usbd.c.obj
 .bss._usbd_q   0x20001424        0x4 CMakeFiles/tarefa1.dir/C_/Users/Marcel/.pico-sdk/sdk/2.1.0/lib/tinyusb/src/device/usbd.c.obj
 .bss._usbd_qdef_buf
                0x20001428       0xc0 CMakeFiles/tarefa1.dir/C_/Users/Marcel/.pico-sdk/sdk/2.1.0/lib/tinyusb/src/device/usbd.c.obj
                0x20001428                _usbd_qdef_buf
 .bss._vendord_itf
                0x200014e8      0x2cc CMakeFiles/tarefa1.dir/C_/Users/Marcel/.pico-sdk/sdk/2.1.0/lib/tinyusb/src/class/vendor/vendor_device.c.obj
 .bss.chars_available_callback
                0x200017b4        0x4 CMakeFiles/tarefa1.dir/C_/Users/Marcel/.pico-sdk/sdk/2.1.0/src/rp2_common/pico_stdio_uart/stdio_uart.c.obj
 .bss.chars_available_callback
                0x200017b8        0x4 CMakeFiles/tarefa1.dir/C_/Users/Marcel/.pico-sdk/sdk/2.1.0/src/rp2_common/pico_stdio_usb/stdio_usb.c.obj
 .bss.chars_available_param
                0x200017bc        0x4 CMakeFiles/tarefa1.dir/C_/Users/Marcel/.pico-sdk/sdk/2.1.0/src/rp2_common/pico_stdio_uart/stdio_uart.c.obj
 .bss.chars_available_param
                0x200017c0        0x4 CMakeFiles/tarefa1.dir/C_/Users/Marcel/.pico-sdk/sdk/2.1.0/src/rp2_common/pico_stdio_usb/stdio_usb.c.obj
 .bss.claimed   0x200017c4        0x4 CMakeFiles/tarefa1.dir/C_/Users/Marcel/.pico-sdk/sdk/2.1.0/src/rp2_common/hardware_sync/sync.c.obj
 .bss.claimed   0x200017c8        0x2 CMakeFiles/tarefa1.dir/C_/Users/Marcel/.pico-sdk/sdk/2.1.0/src/rp2_common/hardware_timer/timer.c.obj
 *fill*         0x200017ca        0x2 
 .bss.configured_freq
                0x200017cc       0x28 CMakeFiles/tarefa1.dir/C_/Users/Marcel/.pico-sdk/sdk/2.1.0/src/rp2_common/hardware_clocks/clocks.c.obj
 .bss.desc_str.0
                0x200017f4       0x28 CMakeFiles/tarefa1.dir/C_/Users/Marcel/.pico-sdk/sdk/2.1.0/src/rp2_common/pico_stdio_usb/stdio_usb_descriptors.c.obj
 .bss.drivers   0x2000181c        0x4 CMakeFiles/tarefa1.dir/C_/Users/Marcel/.pico-sdk/sdk/2.1.0/src/rp2_common/pico_stdio/stdio.c.obj
 .bss.e15_last_sof
                0x20001820        0x4 CMakeFiles/tarefa1.dir/C_/Users/Marcel/.pico-sdk/sdk/2.1.0/lib/tinyusb/src/portable/raspberrypi/rp2040/rp2040_usb.c.obj
                0x20001820                e15_last_sof
 .bss.filter    0x20001824        0x4 CMakeFiles/tarefa1.dir/C_/Users/Marcel/.pico-sdk/sdk/2.1.0/src/rp2_common/pico_stdio/stdio.c.obj
 .bss.hw_endpoints
                0x20001828      0x400 CMakeFiles/tarefa1.dir/C_/Users/Marcel/.pico-sdk/sdk/2.1.0/lib/tinyusb/src/portable/raspberrypi/rp2040/dcd_rp2040.c.obj
 .bss.lazy_vsnprintf
                0x20001c28        0x4 CMakeFiles/tarefa1.dir/C_/Users/Marcel/.pico-sdk/sdk/2.1.0/src/rp2_common/pico_printf/printf.c.obj
 .bss.load_value
                0x20001c2c        0x4 CMakeFiles/tarefa1.dir/C_/Users/Marcel/.pico-sdk/sdk/2.1.0/src/rp2_common/hardware_watchdog/watchdog.c.obj
 .bss.next_buffer_ptr
                0x20001c30        0x4 CMakeFiles/tarefa1.dir/C_/Users/Marcel/.pico-sdk/sdk/2.1.0/lib/tinyusb/src/portable/raspberrypi/rp2040/dcd_rp2040.c.obj
 .bss.object.0  0x20001c34       0x18 C:/Users/Marcel/.pico-sdk/toolchain/13_3_Rel1/bin/../lib/gcc/arm-none-eabi/13.3.1/thumb/v8-m.main+fp/softfp/crtbegin.o
 .bss.one_shot_timer_crit_sec
                0x20001c4c        0x8 CMakeFiles/tarefa1.dir/C_/Users/Marcel/.pico-sdk/sdk/2.1.0/src/rp2_common/pico_stdio_usb/stdio_usb.c.obj
 .bss.pools     0x20001c54       0x20 CMakeFiles/tarefa1.dir/C_/Users/Marcel/.pico-sdk/sdk/2.1.0/src/common/pico_time/time.c.obj
 .bss.retrieved_id
                0x20001c74        0x8 CMakeFiles/tarefa1.dir/C_/Users/Marcel/.pico-sdk/sdk/2.1.0/src/rp2_common/pico_unique_id/unique_id.c.obj
 .bss.sleep_notifier
                0x20001c7c        0x4 CMakeFiles/tarefa1.dir/C_/Users/Marcel/.pico-sdk/sdk/2.1.0/src/common/pico_time/time.c.obj
 .bss.stdio_usb_mutex
                0x20001c80        0x8 CMakeFiles/tarefa1.dir/C_/Users/Marcel/.pico-sdk/sdk/2.1.0/src/rp2_common/pico_stdio_usb/stdio_usb.c.obj
 .bss.uart_char_to_line_feed
                0x20001c88        0x4 CMakeFiles/tarefa1.dir/C_/Users/Marcel/.pico-sdk/sdk/2.1.0/src/rp2_common/hardware_uart/uart.c.obj
                0x20001c88                uart_char_to_line_feed
 .bss.uart_instance
                0x20001c8c        0x4 CMakeFiles/tarefa1.dir/C_/Users/Marcel/.pico-sdk/sdk/2.1.0/src/rp2_common/pico_stdio_uart/stdio_uart.c.obj
 .bss.usbd_serial_str
                0x20001c90       0x11 CMakeFiles/tarefa1.dir/C_/Users/Marcel/.pico-sdk/sdk/2.1.0/src/rp2_common/pico_stdio_usb/stdio_usb_descriptors.c.obj
 .bss._app_driver_count
                0x20001ca1        0x1 CMakeFiles/tarefa1.dir/C_/Users/Marcel/.pico-sdk/sdk/2.1.0/lib/tinyusb/src/device/usbd.c.obj
 .bss._sof_enable
                0x20001ca2        0x1 CMakeFiles/tarefa1.dir/C_/Users/Marcel/.pico-sdk/sdk/2.1.0/lib/tinyusb/src/portable/raspberrypi/rp2040/dcd_rp2040.c.obj
 .bss._usbd_queued_setup
                0x20001ca3        0x1 CMakeFiles/tarefa1.dir/C_/Users/Marcel/.pico-sdk/sdk/2.1.0/lib/tinyusb/src/device/usbd.c.obj
 .bss.irq_handler_chain_free_slot_head
                0x20001ca4        0x1 CMakeFiles/tarefa1.dir/C_/Users/Marcel/.pico-sdk/sdk/2.1.0/src/rp2_common/hardware_irq/irq.c.obj
 .bss.itf_num   0x20001ca5        0x1 CMakeFiles/tarefa1.dir/C_/Users/Marcel/.pico-sdk/sdk/2.1.0/src/rp2_common/pico_stdio_usb/reset_interface.c.obj
 .bss.low_priority_irq_num
                0x20001ca6        0x1 CMakeFiles/tarefa1.dir/C_/Users/Marcel/.pico-sdk/sdk/2.1.0/src/rp2_common/pico_stdio_usb/stdio_usb.c.obj
 .bss.one_shot_timer_pending
                0x20001ca7        0x1 CMakeFiles/tarefa1.dir/C_/Users/Marcel/.pico-sdk/sdk/2.1.0/src/rp2_common/pico_stdio_usb/stdio_usb.c.obj
 .bss.user_irq_claimed
                0x20001ca8        0x1 CMakeFiles/tarefa1.dir/C_/Users/Marcel/.pico-sdk/sdk/2.1.0/src/rp2_common/hardware_irq/irq.c.obj
 *(COMMON)
                [!provide]                        PROVIDE (__global_pointer$ = (. + 0x800))
 *(.sbss*)
                0x20001cac                        . = ALIGN (0x4)
 *fill*         0x20001ca9        0x3 
                0x20001cac                        __bss_end__ = .

.heap           0x20001cac      0x800 load address 0x10005bd8
                0x20001cac                        __end__ = .
                0x20001cac                        end = __end__
 *(.heap*)
 .heap          0x20001cac      0x800 CMakeFiles/tarefa1.dir/C_/Users/Marcel/.pico-sdk/sdk/2.1.0/src/rp2_common/pico_crt0/crt0.S.obj
                0x20080000                        __HeapLimit = (ORIGIN (RAM) + LENGTH (RAM))

.scratch_x      0x20080000        0x0 load address 0x10005bd8
                0x20080000                        __scratch_x_start__ = .
 *(.scratch_x.*)
                0x20080000                        . = ALIGN (0x4)
                0x20080000                        __scratch_x_end__ = .
                0x10005bd8                        __scratch_x_source__ = LOADADDR (.scratch_x)

.scratch_y      0x20081000        0x0 load address 0x10005bd8
                0x20081000                        __scratch_y_start__ = .
 *(.scratch_y.*)
                0x20081000                        . = ALIGN (0x4)
                0x20081000                        __scratch_y_end__ = .
                0x10005bd8                        __scratch_y_source__ = LOADADDR (.scratch_y)

.stack1_dummy
 *(.stack1*)

.stack_dummy    0x20081000      0x800
 *(.stack*)
 .stack         0x20081000      0x800 CMakeFiles/tarefa1.dir/C_/Users/Marcel/.pico-sdk/sdk/2.1.0/src/rp2_common/pico_crt0/crt0.S.obj

.flash_end      0x10005bd8       0x14
 *(.embedded_end_block*)
 .embedded_end_block
                0x10005bd8       0x14 CMakeFiles/tarefa1.dir/C_/Users/Marcel/.pico-sdk/sdk/2.1.0/src/rp2_common/pico_crt0/crt0.S.obj
                0x10005bec                        PROVIDE (__flash_binary_end = .)
                0x20080000                        __StackLimit = (ORIGIN (RAM) + LENGTH (RAM))
                0x20081000                        __StackOneTop = (ORIGIN (SCRATCH_X) + LENGTH (SCRATCH_X))
                0x20082000                        __StackTop = (ORIGIN (SCRATCH_Y) + LENGTH (SCRATCH_Y))
                0x20081000                        __StackOneBottom = (__StackOneTop - SIZEOF (.stack1_dummy))
                0x20081800                        __StackBottom = (__StackTop - SIZEOF (.stack_dummy))
                0x20082000                        PROVIDE (__stack = __StackTop)
                [!provide]                        PROVIDE (__heap_start = __end__)
                [!provide]                        PROVIDE (__heap_end = __HeapLimit)
                [!provide]                        PROVIDE (__tls_align = MAX (ALIGNOF (.tdata), ALIGNOF (.tbss)))
                [!provide]                        PROVIDE (__tls_size_align = (((__tls_size + __tls_align) - 0x1) & ~ ((__tls_align - 0x1))))
                [!provide]                        PROVIDE (__arm32_tls_tcb_offset = MAX (0x8, __tls_align))
                [!provide]                        PROVIDE (_end = __end__)
                [!provide]                        PROVIDE (__llvm_libc_heap_limit = __HeapLimit)
                0x00000001                        ASSERT ((__StackLimit >= __HeapLimit), region RAM overflowed)
                0x00000001                        ASSERT (((__binary_info_header_end - __logical_binary_start) <= 0x400), Binary info must be in first 1024 bytes of the binary)
                0x00000001                        ASSERT (((__embedded_block_end - __logical_binary_start) <= 0x1000), Embedded block must be in first 4096 bytes of the binary)
LOAD CMakeFiles/tarefa1.dir/tarefa1.c.obj
LOAD CMakeFiles/tarefa1.dir/C_/Users/Marcel/.pico-sdk/sdk/2.1.0/src/rp2_common/pico_stdlib/stdlib.c.obj
LOAD CMakeFiles/tarefa1.dir/C_/Users/Marcel/.pico-sdk/sdk/2.1.0/src/rp2_common/hardware_gpio/gpio.c.obj
LOAD CMakeFiles/tarefa1.dir/C_/Users/Marcel/.pico-sdk/sdk/2.1.0/src/rp2350/pico_platform/platform.c.obj
LOAD CMakeFiles/tarefa1.dir/C_/Users/Marcel/.pico-sdk/sdk/2.1.0/src/rp2_common/pico_platform_panic/panic.c.obj
LOAD CMakeFiles/tarefa1.dir/C_/Users/Marcel/.pico-sdk/sdk/2.1.0/src/common/hardware_claim/claim.c.obj
LOAD CMakeFiles/tarefa1.dir/C_/Users/Marcel/.pico-sdk/sdk/2.1.0/src/rp2_common/hardware_sync/sync.c.obj
LOAD CMakeFiles/tarefa1.dir/C_/Users/Marcel/.pico-sdk/sdk/2.1.0/src/rp2_common/hardware_sync_spin_lock/sync_spin_lock.c.obj
LOAD CMakeFiles/tarefa1.dir/C_/Users/Marcel/.pico-sdk/sdk/2.1.0/src/rp2_common/hardware_irq/irq.c.obj
LOAD CMakeFiles/tarefa1.dir/C_/Users/Marcel/.pico-sdk/sdk/2.1.0/src/rp2_common/hardware_irq/irq_handler_chain.S.obj
LOAD CMakeFiles/tarefa1.dir/C_/Users/Marcel/.pico-sdk/sdk/2.1.0/src/common/pico_sync/sem.c.obj
LOAD CMakeFiles/tarefa1.dir/C_/Users/Marcel/.pico-sdk/sdk/2.1.0/src/common/pico_sync/lock_core.c.obj
LOAD CMakeFiles/tarefa1.dir/C_/Users/Marcel/.pico-sdk/sdk/2.1.0/src/common/pico_sync/mutex.c.obj
LOAD CMakeFiles/tarefa1.dir/C_/Users/Marcel/.pico-sdk/sdk/2.1.0/src/common/pico_sync/critical_section.c.obj
LOAD CMakeFiles/tarefa1.dir/C_/Users/Marcel/.pico-sdk/sdk/2.1.0/src/common/pico_time/time.c.obj
LOAD CMakeFiles/tarefa1.dir/C_/Users/Marcel/.pico-sdk/sdk/2.1.0/src/common/pico_time/timeout_helper.c.obj
LOAD CMakeFiles/tarefa1.dir/C_/Users/Marcel/.pico-sdk/sdk/2.1.0/src/rp2_common/hardware_timer/timer.c.obj
LOAD CMakeFiles/tarefa1.dir/C_/Users/Marcel/.pico-sdk/sdk/2.1.0/src/common/pico_util/datetime.c.obj
LOAD CMakeFiles/tarefa1.dir/C_/Users/Marcel/.pico-sdk/sdk/2.1.0/src/common/pico_util/pheap.c.obj
LOAD CMakeFiles/tarefa1.dir/C_/Users/Marcel/.pico-sdk/sdk/2.1.0/src/common/pico_util/queue.c.obj
LOAD CMakeFiles/tarefa1.dir/C_/Users/Marcel/.pico-sdk/sdk/2.1.0/src/rp2_common/hardware_uart/uart.c.obj
LOAD CMakeFiles/tarefa1.dir/C_/Users/Marcel/.pico-sdk/sdk/2.1.0/src/rp2_common/hardware_clocks/clocks.c.obj
LOAD CMakeFiles/tarefa1.dir/C_/Users/Marcel/.pico-sdk/sdk/2.1.0/src/rp2_common/hardware_pll/pll.c.obj
LOAD CMakeFiles/tarefa1.dir/C_/Users/Marcel/.pico-sdk/sdk/2.1.0/src/rp2_common/hardware_vreg/vreg.c.obj
LOAD CMakeFiles/tarefa1.dir/C_/Users/Marcel/.pico-sdk/sdk/2.1.0/src/rp2_common/hardware_watchdog/watchdog.c.obj
LOAD CMakeFiles/tarefa1.dir/C_/Users/Marcel/.pico-sdk/sdk/2.1.0/src/rp2_common/hardware_ticks/ticks.c.obj
LOAD CMakeFiles/tarefa1.dir/C_/Users/Marcel/.pico-sdk/sdk/2.1.0/src/rp2_common/pico_bootrom/bootrom.c.obj
LOAD CMakeFiles/tarefa1.dir/C_/Users/Marcel/.pico-sdk/sdk/2.1.0/src/rp2_common/pico_bootrom/bootrom_lock.c.obj
LOAD CMakeFiles/tarefa1.dir/C_/Users/Marcel/.pico-sdk/sdk/2.1.0/src/rp2_common/hardware_boot_lock/boot_lock.c.obj
LOAD CMakeFiles/tarefa1.dir/C_/Users/Marcel/.pico-sdk/sdk/2.1.0/src/rp2_common/pico_flash/flash.c.obj
LOAD CMakeFiles/tarefa1.dir/C_/Users/Marcel/.pico-sdk/sdk/2.1.0/src/rp2_common/hardware_xosc/xosc.c.obj
LOAD CMakeFiles/tarefa1.dir/C_/Users/Marcel/.pico-sdk/sdk/2.1.0/src/rp2_common/hardware_divider/divider.c.obj
LOAD CMakeFiles/tarefa1.dir/C_/Users/Marcel/.pico-sdk/sdk/2.1.0/src/rp2_common/pico_runtime/runtime.c.obj
LOAD CMakeFiles/tarefa1.dir/C_/Users/Marcel/.pico-sdk/sdk/2.1.0/src/rp2_common/pico_runtime_init/runtime_init.c.obj
LOAD CMakeFiles/tarefa1.dir/C_/Users/Marcel/.pico-sdk/sdk/2.1.0/src/rp2_common/pico_runtime_init/runtime_init_clocks.c.obj
LOAD CMakeFiles/tarefa1.dir/C_/Users/Marcel/.pico-sdk/sdk/2.1.0/src/rp2_common/pico_runtime_init/runtime_init_stack_guard.c.obj
LOAD CMakeFiles/tarefa1.dir/C_/Users/Marcel/.pico-sdk/sdk/2.1.0/src/rp2_common/pico_bit_ops/bit_ops_aeabi.S.obj
LOAD CMakeFiles/tarefa1.dir/C_/Users/Marcel/.pico-sdk/sdk/2.1.0/src/rp2_common/pico_divider/divider_compiler.c.obj
LOAD CMakeFiles/tarefa1.dir/C_/Users/Marcel/.pico-sdk/sdk/2.1.0/src/rp2_common/pico_double/double_math.c.obj
LOAD CMakeFiles/tarefa1.dir/C_/Users/Marcel/.pico-sdk/sdk/2.1.0/src/rp2_common/pico_double/double_aeabi_dcp.S.obj
LOAD CMakeFiles/tarefa1.dir/C_/Users/Marcel/.pico-sdk/sdk/2.1.0/src/rp2_common/pico_double/double_fma_dcp.S.obj
LOAD CMakeFiles/tarefa1.dir/C_/Users/Marcel/.pico-sdk/sdk/2.1.0/src/rp2_common/pico_double/double_sci_m33.S.obj
LOAD CMakeFiles/tarefa1.dir/C_/Users/Marcel/.pico-sdk/sdk/2.1.0/src/rp2_common/pico_double/double_conv_m33.S.obj
LOAD CMakeFiles/tarefa1.dir/C_/Users/Marcel/.pico-sdk/sdk/2.1.0/src/rp2_common/pico_float/float_math.c.obj
LOAD CMakeFiles/tarefa1.dir/C_/Users/Marcel/.pico-sdk/sdk/2.1.0/src/rp2_common/pico_float/float_sci_m33_vfp.S.obj
LOAD CMakeFiles/tarefa1.dir/C_/Users/Marcel/.pico-sdk/sdk/2.1.0/src/rp2_common/pico_float/float_conv_m33.S.obj
LOAD CMakeFiles/tarefa1.dir/C_/Users/Marcel/.pico-sdk/sdk/2.1.0/src/rp2_common/pico_malloc/malloc.c.obj
LOAD CMakeFiles/tarefa1.dir/C_/Users/Marcel/.pico-sdk/sdk/2.1.0/src/rp2_common/pico_atomic/atomic.c.obj
LOAD CMakeFiles/tarefa1.dir/C_/Users/Marcel/.pico-sdk/sdk/2.1.0/src/rp2_common/pico_cxx_options/new_delete.cpp.obj
LOAD CMakeFiles/tarefa1.dir/C_/Users/Marcel/.pico-sdk/sdk/2.1.0/src/rp2_common/pico_standard_binary_info/standard_binary_info.c.obj
LOAD CMakeFiles/tarefa1.dir/C_/Users/Marcel/.pico-sdk/sdk/2.1.0/src/rp2_common/pico_printf/printf.c.obj
LOAD CMakeFiles/tarefa1.dir/C_/Users/Marcel/.pico-sdk/sdk/2.1.0/src/rp2_common/pico_crt0/crt0.S.obj
LOAD CMakeFiles/tarefa1.dir/C_/Users/Marcel/.pico-sdk/sdk/2.1.0/src/rp2_common/pico_clib_interface/newlib_interface.c.obj
LOAD CMakeFiles/tarefa1.dir/C_/Users/Marcel/.pico-sdk/sdk/2.1.0/src/rp2_common/pico_stdio/stdio.c.obj
LOAD CMakeFiles/tarefa1.dir/C_/Users/Marcel/.pico-sdk/sdk/2.1.0/src/rp2_common/pico_stdio_uart/stdio_uart.c.obj
LOAD CMakeFiles/tarefa1.dir/C_/Users/Marcel/.pico-sdk/sdk/2.1.0/src/rp2_common/pico_stdio_usb/reset_interface.c.obj
LOAD CMakeFiles/tarefa1.dir/C_/Users/Marcel/.pico-sdk/sdk/2.1.0/src/rp2_common/pico_stdio_usb/stdio_usb.c.obj
LOAD CMakeFiles/tarefa1.dir/C_/Users/Marcel/.pico-sdk/sdk/2.1.0/src/rp2_common/pico_stdio_usb/stdio_usb_descriptors.c.obj
LOAD CMakeFiles/tarefa1.dir/C_/Users/Marcel/.pico-sdk/sdk/2.1.0/src/rp2_common/pico_unique_id/unique_id.c.obj
LOAD CMakeFiles/tarefa1.dir/C_/Users/Marcel/.pico-sdk/sdk/2.1.0/src/rp2_common/hardware_flash/flash.c.obj
LOAD CMakeFiles/tarefa1.dir/C_/Users/Marcel/.pico-sdk/sdk/2.1.0/src/rp2_common/hardware_xip_cache/xip_cache.c.obj
LOAD CMakeFiles/tarefa1.dir/C_/Users/Marcel/.pico-sdk/sdk/2.1.0/lib/tinyusb/src/portable/raspberrypi/rp2040/dcd_rp2040.c.obj
LOAD CMakeFiles/tarefa1.dir/C_/Users/Marcel/.pico-sdk/sdk/2.1.0/lib/tinyusb/src/portable/raspberrypi/rp2040/rp2040_usb.c.obj
LOAD CMakeFiles/tarefa1.dir/C_/Users/Marcel/.pico-sdk/sdk/2.1.0/lib/tinyusb/src/device/usbd.c.obj
LOAD CMakeFiles/tarefa1.dir/C_/Users/Marcel/.pico-sdk/sdk/2.1.0/lib/tinyusb/src/device/usbd_control.c.obj
LOAD CMakeFiles/tarefa1.dir/C_/Users/Marcel/.pico-sdk/sdk/2.1.0/lib/tinyusb/src/class/audio/audio_device.c.obj
LOAD CMakeFiles/tarefa1.dir/C_/Users/Marcel/.pico-sdk/sdk/2.1.0/lib/tinyusb/src/class/cdc/cdc_device.c.obj
LOAD CMakeFiles/tarefa1.dir/C_/Users/Marcel/.pico-sdk/sdk/2.1.0/lib/tinyusb/src/class/dfu/dfu_device.c.obj
LOAD CMakeFiles/tarefa1.dir/C_/Users/Marcel/.pico-sdk/sdk/2.1.0/lib/tinyusb/src/class/dfu/dfu_rt_device.c.obj
LOAD CMakeFiles/tarefa1.dir/C_/Users/Marcel/.pico-sdk/sdk/2.1.0/lib/tinyusb/src/class/hid/hid_device.c.obj
LOAD CMakeFiles/tarefa1.dir/C_/Users/Marcel/.pico-sdk/sdk/2.1.0/lib/tinyusb/src/class/midi/midi_device.c.obj
LOAD CMakeFiles/tarefa1.dir/C_/Users/Marcel/.pico-sdk/sdk/2.1.0/lib/tinyusb/src/class/msc/msc_device.c.obj
LOAD CMakeFiles/tarefa1.dir/C_/Users/Marcel/.pico-sdk/sdk/2.1.0/lib/tinyusb/src/class/net/ecm_rndis_device.c.obj
LOAD CMakeFiles/tarefa1.dir/C_/Users/Marcel/.pico-sdk/sdk/2.1.0/lib/tinyusb/src/class/net/ncm_device.c.obj
LOAD CMakeFiles/tarefa1.dir/C_/Users/Marcel/.pico-sdk/sdk/2.1.0/lib/tinyusb/src/class/usbtmc/usbtmc_device.c.obj
LOAD CMakeFiles/tarefa1.dir/C_/Users/Marcel/.pico-sdk/sdk/2.1.0/lib/tinyusb/src/class/vendor/vendor_device.c.obj
LOAD CMakeFiles/tarefa1.dir/C_/Users/Marcel/.pico-sdk/sdk/2.1.0/lib/tinyusb/src/class/video/video_device.c.obj
LOAD CMakeFiles/tarefa1.dir/C_/Users/Marcel/.pico-sdk/sdk/2.1.0/lib/tinyusb/src/tusb.c.obj
LOAD CMakeFiles/tarefa1.dir/C_/Users/Marcel/.pico-sdk/sdk/2.1.0/lib/tinyusb/src/common/tusb_fifo.c.obj
LOAD CMakeFiles/tarefa1.dir/C_/Users/Marcel/.pico-sdk/sdk/2.1.0/src/rp2_common/pico_fix/rp2040_usb_device_enumeration/rp2040_usb_device_enumeration.c.obj
LOAD CMakeFiles/tarefa1.dir/C_/Users/Marcel/.pico-sdk/sdk/2.1.0/src/rp2_common/pico_cyw43_arch/cyw43_arch.c.obj
LOAD CMakeFiles/tarefa1.dir/C_/Users/Marcel/.pico-sdk/sdk/2.1.0/src/rp2_common/pico_cyw43_arch/cyw43_arch_poll.c.obj
LOAD CMakeFiles/tarefa1.dir/C_/Users/Marcel/.pico-sdk/sdk/2.1.0/src/rp2_common/pico_cyw43_arch/cyw43_arch_threadsafe_background.c.obj
LOAD CMakeFiles/tarefa1.dir/C_/Users/Marcel/.pico-sdk/sdk/2.1.0/src/rp2_common/pico_cyw43_arch/cyw43_arch_freertos.c.obj
LOAD CMakeFiles/tarefa1.dir/C_/Users/Marcel/.pico-sdk/sdk/2.1.0/src/rp2_common/pico_cyw43_driver/cyw43_bus_pio_spi.c.obj
LOAD CMakeFiles/tarefa1.dir/C_/Users/Marcel/.pico-sdk/sdk/2.1.0/lib/cyw43-driver/src/cyw43_ll.c.obj
LOAD CMakeFiles/tarefa1.dir/C_/Users/Marcel/.pico-sdk/sdk/2.1.0/lib/cyw43-driver/src/cyw43_stats.c.obj
LOAD CMakeFiles/tarefa1.dir/C_/Users/Marcel/.pico-sdk/sdk/2.1.0/lib/cyw43-driver/src/cyw43_lwip.c.obj
LOAD CMakeFiles/tarefa1.dir/C_/Users/Marcel/.pico-sdk/sdk/2.1.0/lib/cyw43-driver/src/cyw43_ctrl.c.obj
LOAD CMakeFiles/tarefa1.dir/C_/Users/Marcel/.pico-sdk/sdk/2.1.0/src/rp2_common/pico_cyw43_driver/cybt_shared_bus/cybt_shared_bus.c.obj
LOAD CMakeFiles/tarefa1.dir/C_/Users/Marcel/.pico-sdk/sdk/2.1.0/src/rp2_common/pico_cyw43_driver/cybt_shared_bus/cybt_shared_bus_driver.c.obj
LOAD CMakeFiles/tarefa1.dir/C_/Users/Marcel/.pico-sdk/sdk/2.1.0/src/rp2_common/hardware_pio/pio.c.obj
LOAD CMakeFiles/tarefa1.dir/C_/Users/Marcel/.pico-sdk/sdk/2.1.0/src/rp2_common/hardware_dma/dma.c.obj
LOAD CMakeFiles/tarefa1.dir/C_/Users/Marcel/.pico-sdk/sdk/2.1.0/src/rp2_common/hardware_exception/exception.c.obj
LOAD CMakeFiles/tarefa1.dir/C_/Users/Marcel/.pico-sdk/sdk/2.1.0/src/rp2_common/pico_cyw43_driver/cyw43_driver.c.obj
LOAD CMakeFiles/tarefa1.dir/C_/Users/Marcel/.pico-sdk/sdk/2.1.0/src/rp2_common/pico_async_context/async_context_threadsafe_background.c.obj
LOAD CMakeFiles/tarefa1.dir/C_/Users/Marcel/.pico-sdk/sdk/2.1.0/src/rp2_common/pico_async_context/async_context_base.c.obj
LOAD pico-sdk/src/rp2350/boot_stage2/CMakeFiles/bs2_default_library.dir/./bs2_default_padded_checksummed.S.obj
LOAD C:/Users/Marcel/.pico-sdk/toolchain/13_3_Rel1/bin/../lib/gcc/arm-none-eabi/13.3.1/thumb/v8-m.main+fp/softfp\libstdc++.a
LOAD C:/Users/Marcel/.pico-sdk/toolchain/13_3_Rel1/bin/../lib/gcc/arm-none-eabi/13.3.1/thumb/v8-m.main+fp/softfp\libm.a
START GROUP
LOAD C:/Users/Marcel/.pico-sdk/toolchain/13_3_Rel1/bin/../lib/gcc/arm-none-eabi/13.3.1/thumb/v8-m.main+fp/softfp\libgcc.a
LOAD C:/Users/Marcel/.pico-sdk/toolchain/13_3_Rel1/bin/../lib/gcc/arm-none-eabi/13.3.1/thumb/v8-m.main+fp/softfp\libg.a
LOAD C:/Users/Marcel/.pico-sdk/toolchain/13_3_Rel1/bin/../lib/gcc/arm-none-eabi/13.3.1/thumb/v8-m.main+fp/softfp\libc.a
END GROUP
START GROUP
LOAD C:/Users/Marcel/.pico-sdk/toolchain/13_3_Rel1/bin/../lib/gcc/arm-none-eabi/13.3.1/thumb/v8-m.main+fp/softfp\libgcc.a
LOAD C:/Users/Marcel/.pico-sdk/toolchain/13_3_Rel1/bin/../lib/gcc/arm-none-eabi/13.3.1/thumb/v8-m.main+fp/softfp\libc.a
LOAD C:/Users/Marcel/.pico-sdk/toolchain/13_3_Rel1/bin/../lib/gcc/arm-none-eabi/13.3.1/thumb/v8-m.main+fp/softfp\libnosys.a
END GROUP
LOAD C:/Users/Marcel/.pico-sdk/toolchain/13_3_Rel1/bin/../lib/gcc/arm-none-eabi/13.3.1/thumb/v8-m.main+fp/softfp/crtend.o
LOAD C:/Users/Marcel/.pico-sdk/toolchain/13_3_Rel1/bin/../lib/gcc/arm-none-eabi/13.3.1/thumb/v8-m.main+fp/softfp/crtn.o
OUTPUT(tarefa1.elf elf32-littlearm)
LOAD linker stubs

.rel.dyn        0x10005bec        0x0
 .rel.iplt      0x10005bec        0x0 C:/Users/Marcel/.pico-sdk/toolchain/13_3_Rel1/bin/../lib/gcc/arm-none-eabi/13.3.1/thumb/v8-m.main+fp/softfp/crtbegin.o

.ARM.attributes
                0x00000000       0x34
 .ARM.attributes